Archive member included because of file (symbol)

/home/jarda/esp-open-sdk/sdk/lib/libmain.a(debug-vector.o)
                              (_DebugExceptionVector)
/home/jarda/esp-open-sdk/sdk/lib/libmain.a(double-vector.o)
                              (_DoubleExceptionVector)
/home/jarda/esp-open-sdk/sdk/lib/libmain.a(kernel-vector.o)
                              (_KernelExceptionVector)
/home/jarda/esp-open-sdk/sdk/lib/libmain.a(nmi-vector.o)
                              (_NMIExceptionVector)
/home/jarda/esp-open-sdk/sdk/lib/libmain.a(user-vector.o)
                              (_UserExceptionVector)
/home/jarda/esp-open-sdk/sdk/lib/libmain.a(vector.o)
                              (call_user_start)
/home/jarda/esp-open-sdk/sdk/lib/libmain.a(app_main.o)
                              /home/jarda/esp-open-sdk/sdk/lib/libmain.a(nmi-vector.o) (NMI_Handler)
/home/jarda/esp-open-sdk/sdk/lib/libmain.a(ets_timer.o)
                              /home/jarda/esp-open-sdk/sdk/lib/libmain.a(app_main.o) (ets_timer_setfn)
/home/jarda/esp-open-sdk/sdk/lib/libmain.a(mem_manager.o)
                              /home/jarda/esp-open-sdk/sdk/lib/libmain.a(app_main.o) (pvPortMalloc)
/home/jarda/esp-open-sdk/sdk/lib/libmain.a(spi_flash.o)
                              /home/jarda/esp-open-sdk/sdk/lib/libmain.a(app_main.o) (spi_flash_read)
/home/jarda/esp-open-sdk/sdk/lib/libmain.a(user_interface.o)
                              /home/jarda/esp-open-sdk/sdk/lib/libmain.a(app_main.o) (done_cb)
/home/jarda/esp-open-sdk/sdk/lib/libmain.a(eagle_lib.o)
                              /home/jarda/esp-open-sdk/sdk/lib/libmain.a(user_interface.o) (ets_sprintf)
/home/jarda/esp-open-sdk/sdk/lib/libmain.a(eagle_lwip_if.o)
                              /home/jarda/esp-open-sdk/sdk/lib/libmain.a(user_interface.o) (hostname)
/home/jarda/Sming/Sming/compiler/lib//libsming.a(user_main.o)
                              /home/jarda/esp-open-sdk/sdk/lib/libmain.a(app_main.o) (user_init)
/home/jarda/Sming/Sming/compiler/lib//libsming.a(System.o)
                              /home/jarda/Sming/Sming/compiler/lib//libsming.a(user_main.o) (_ZN11SystemClass10initializeEv)
/home/jarda/Sming/Sming/compiler/lib//libsming.a(esp_cplusplus.o)
                              /home/jarda/Sming/Sming/compiler/lib//libsming.a(user_main.o) (cpp_core_initialize)
/home/jarda/Sming/Sming/compiler/lib//libsming.a(m_printf.o)
                              /home/jarda/Sming/Sming/compiler/lib//libsming.a(esp_cplusplus.o) (m_printf)
/home/jarda/Sming/Sming/compiler/lib//libsming.a(stringconversion.o)
                              /home/jarda/Sming/Sming/compiler/lib//libsming.a(m_printf.o) (ltoa_w)
/home/jarda/Sming/Sming/compiler/lib//libsming.a(IPAddress.o)
                              /home/jarda/Sming/Sming/compiler/lib//libsming.a(user_main.o) (_ZN9IPAddressC1Ehhhh)
/home/jarda/Sming/Sming/compiler/lib//libsming.a(Print.o)
                              /home/jarda/Sming/Sming/compiler/lib//libsming.a(IPAddress.o) (_ZN5Print5printEc)
/home/jarda/Sming/Sming/compiler/lib//libsming.a(WString.o)
                              /home/jarda/Sming/Sming/compiler/lib//libsming.a(IPAddress.o) (_ZN6StringD1Ev)
/home/jarda/Sming/Sming/compiler/lib//libsming.a(Interrupts.o)
                              /home/jarda/Sming/Sming/compiler/lib//libsming.a(System.o) (_Z12noInterruptsv)
/home/jarda/Sming/Sming/compiler/lib//libsming.a(Digital.o)
                              /home/jarda/Sming/Sming/compiler/lib//libsming.a(Interrupts.o) (_Z7pinModeth)
out/build/app_app.a(application.o)
                              /home/jarda/Sming/Sming/compiler/lib//libsming.a(user_main.o) (_Z4initv)
/home/jarda/Sming/Sming/compiler/lib//libmicroc.a(isspace.o)
                              /home/jarda/Sming/Sming/compiler/lib//libsming.a(WString.o) (isspace)
/home/jarda/Sming/Sming/compiler/lib//libmicroc.a(tolower.o)
                              /home/jarda/Sming/Sming/compiler/lib//libsming.a(WString.o) (tolower)
/home/jarda/Sming/Sming/compiler/lib//libmicroc.a(toupper.o)
                              /home/jarda/Sming/Sming/compiler/lib//libsming.a(WString.o) (toupper)
/home/jarda/Sming/Sming/compiler/lib//libmicroc.a(atof.o)
                              /home/jarda/Sming/Sming/compiler/lib//libsming.a(WString.o) (atof)
/home/jarda/Sming/Sming/compiler/lib//libmicroc.a(atoi.o)
                              /home/jarda/Sming/Sming/compiler/lib//libsming.a(WString.o) (atoi)
/home/jarda/Sming/Sming/compiler/lib//libmicroc.a(strtod.o)
                              /home/jarda/Sming/Sming/compiler/lib//libmicroc.a(atof.o) (strtod)
/home/jarda/Sming/Sming/compiler/lib//libmicroc.a(__fpclassify.o)
                              /home/jarda/Sming/Sming/compiler/lib//libsming.a(stringconversion.o) (__fpclassifyd)
/home/jarda/Sming/Sming/compiler/lib//libmicroc.a(strchr.o)
                              /home/jarda/Sming/Sming/compiler/lib//libsming.a(WString.o) (strchr)
[...]
Memory Configuration

Name             Origin             Length             Attributes
dport0_0_seg     0x3ff00000         0x00000010
dram0_0_seg      0x3ffe8000         0x00014000
iram1_0_seg      0x40100000         0x00008000
irom0_0_seg      0x40209000         0x00078000
*default*        0x00000000         0xffffffff

Linker script and memory map

START GROUP
LOAD /home/jarda/Sming/Sming/compiler/lib//libmicroc.a
LOAD /home/jarda/Sming/Sming/compiler/lib//libmicrogcc.a
LOAD /home/jarda/esp-open-sdk/xtensa-lx106-elf/xtensa-lx106-elf/sysroot/usr/lib/libhal.a
LOAD /home/jarda/esp-open-sdk/sdk/lib/libphy.a
LOAD /home/jarda/esp-open-sdk/sdk/lib/libpp.a
LOAD /home/jarda/esp-open-sdk/sdk/lib/libnet80211.a
LOAD /home/jarda/esp-open-sdk/sdk/lib/liblwip.a
LOAD /home/jarda/esp-open-sdk/sdk/lib/libwpa.a
LOAD /home/jarda/esp-open-sdk/sdk/lib/libmain.a
LOAD /home/jarda/Sming/Sming/compiler/lib//libsming.a
LOAD /home/jarda/esp-open-sdk/sdk/lib/libcrypto.a
LOAD /home/jarda/esp-open-sdk/sdk/lib/libpwm.a
LOAD /home/jarda/esp-open-sdk/sdk/lib/libsmartconfig.a
LOAD out/build/app_app.a
END GROUP
                0x40000000                PROVIDE (_memmap_vecbase_reset, 0x40000000)
                0x00000110                _memmap_cacheattr_wb_base = 0x110
                0x00000110                _memmap_cacheattr_wt_base = 0x110
                0x00000220                _memmap_cacheattr_bp_base = 0x220
                0xfffff00f                _memmap_cacheattr_unused_mask = 0xfffff00f
                0x2222211f                _memmap_cacheattr_wb_trapnull = 0x2222211f
                0x2222211f                _memmap_cacheattr_wba_trapnull = 0x2222211f
                0x2222211f                _memmap_cacheattr_wbna_trapnull = 0x2222211f
                0x2222211f                _memmap_cacheattr_wt_trapnull = 0x2222211f
                0x2222222f                _memmap_cacheattr_bp_trapnull = 0x2222222f
                0xfffff11f                _memmap_cacheattr_wb_strict = 0xfffff11f
                0xfffff11f                _memmap_cacheattr_wt_strict = 0xfffff11f
                0xfffff22f                _memmap_cacheattr_bp_strict = 0xfffff22f
                0x22222112                _memmap_cacheattr_wb_allvalid = 0x22222112
                0x22222112                _memmap_cacheattr_wt_allvalid = 0x22222112
                0x22222222                _memmap_cacheattr_bp_allvalid = 0x22222222
                0x2222211f                PROVIDE (_memmap_cacheattr_reset, _memmap_cacheattr_wb_trapnull)

.dport0.rodata  0x3ff00000        0x0
                0x3ff00000                _dport0_rodata_start = ABSOLUTE (.)
 *(.dport0.rodata)
 *(.dport.rodata)
                0x3ff00000                _dport0_rodata_end = ABSOLUTE (.)

.dport0.literal
                0x3ff00000        0x0
                0x3ff00000                _dport0_literal_start = ABSOLUTE (.)
 *(.dport0.literal)
 *(.dport.literal)
                0x3ff00000                _dport0_literal_end = ABSOLUTE (.)

.dport0.data    0x3ff00000        0x0
                0x3ff00000                _dport0_data_start = ABSOLUTE (.)
 *(.dport0.data)
 *(.dport.data)
                0x3ff00000                _dport0_data_end = ABSOLUTE (.)

.data           0x3ffe8000      0x375
                0x3ffe8000                _data_start = ABSOLUTE (.)
 *(.data)
 .data          0x3ffe8000        0x4 /home/jarda/esp-open-sdk/sdk/lib/libmain.a(nmi-vector.o)
                0x3ffe8000                _Pri_3_HandlerAddress
 .data          0x3ffe8004        0x1 /home/jarda/esp-open-sdk/sdk/lib/libmain.a(app_main.o)
 *fill*         0x3ffe8005        0x3 
 .data          0x3ffe8008        0x6 /home/jarda/esp-open-sdk/sdk/lib/libmain.a(user_interface.o)
                0x3ffe8009                timer2_ms_flag
                0x3ffe800a                dhcps_flag
                0x3ffe800b                dhcpc_flag
                0x3ffe800d                reconnect_internal
 *fill*         0x3ffe800e        0x2 
 .data          0x3ffe8010        0x1 /home/jarda/esp-open-sdk/sdk/lib/libmain.a(eagle_lwip_if.o)
                0x3ffe8010                default_hostname
 *fill*         0x3ffe8011        0xf 
 .data          0x3ffe8020       0x53 /home/jarda/esp-open-sdk/sdk/lib/libphy.a(phy_chip_v6.o)
                0x3ffe8022                tx_rf_ana_gain
                0x3ffe8050                rx_gain_swp
                0x3ffe8070                test_rffreq_txcap
 *fill*         0x3ffe8073        0x1 
 .data          0x3ffe8074        0x4 /home/jarda/esp-open-sdk/sdk/lib/libphy.a(phy_sleep.o)
                0x3ffe8074                chip_version
 .data          0x3ffe8078        0x1 /home/jarda/esp-open-sdk/sdk/lib/libpp.a(pm.o)
 *fill*         0x3ffe8079        0x3 
 .data          0x3ffe807c        0x1 /home/jarda/esp-open-sdk/sdk/lib/libpp.a(pm_for_bcn_only_mode.o)
 *fill*         0x3ffe807d        0x3 
 .data          0x3ffe8080       0x1c /home/jarda/esp-open-sdk/sdk/lib/libpp.a(pp.o)
                0x3ffe8080                soft_wdt_interval
                0x3ffe8084                NoiseTimerInterval
                0x3ffe808c                sleep_start_wait_time
                0x3ffe8094                CanDoFreqCal
                0x3ffe8098                tcb
 *fill*         0x3ffe809c        0x4 
 .data          0x3ffe80a0       0x40 /home/jarda/esp-open-sdk/sdk/lib/libpp.a(rate_control.o)
 .data          0x3ffe80e0      0x24c /home/jarda/esp-open-sdk/sdk/lib/libpp.a(trc.o)
 .data          0x3ffe832c        0x8 /home/jarda/esp-open-sdk/sdk/lib/libpp.a(wdev.o)
 .data          0x3ffe8334        0x1 /home/jarda/esp-open-sdk/sdk/lib/libnet80211.a(ieee80211_hostap.o)
                0x3ffe8334                TmpSTAAPCloseAP
 *fill*         0x3ffe8335        0x3 
 .data          0x3ffe8338        0x1 /home/jarda/esp-open-sdk/sdk/lib/libnet80211.a(wl_cnx.o)
 *fill*         0x3ffe8339        0x7 
 .data          0x3ffe8340       0x1c /home/jarda/esp-open-sdk/sdk/lib/libnet80211.a(ieee80211_action.o)
 .data          0x3ffe835c        0x4 /home/jarda/esp-open-sdk/sdk/lib/liblwip.a(dhcp.o)
 .data          0x3ffe8360        0x5 /home/jarda/esp-open-sdk/sdk/lib/liblwip.a(dhcpserver.o)
                0x3ffe8360                dhcps_lease_time
 *fill*         0x3ffe8365        0x3 
 .data          0x3ffe8368        0x8 /home/jarda/esp-open-sdk/sdk/lib/liblwip.a(tcp.o)
 *(.data.*)
 .data.cbc_printchar
                0x3ffe8370        0x4 /home/jarda/Sming/Sming/compiler/lib//libsming.a(m_printf.o)
                0x3ffe8370                cbc_printchar
 .data.pohlavi  0x3ffe8374        0x1 out/build/app_app.a(application.o)
                0x3ffe8374                pohlavi
 *(.gnu.linkonce.d.*)
 *(.data1)
 *(.sdata)
 *(.sdata.*)
 *(.gnu.linkonce.s.*)
 *(.sdata2)
 *(.sdata2.*)
 *(.gnu.linkonce.s2.*)
 *(.jcr)
                0x3ffe8375                _data_end = ABSOLUTE (.)

.rodata         0x3ffe8378     0x1d58
                0x3ffe8378                _rodata_start = ABSOLUTE (.)
 *(.sdk.version)
 .sdk.version   0x3ffe8378        0x6 /home/jarda/esp-open-sdk/sdk/lib/libmain.a(app_main.o)
                0x3ffe8378                SDK_VERSION
 *(.rodata)
 *fill*         0x3ffe837e        0x2 
 .rodata        0x3ffe8380        0x8 /home/jarda/esp-open-sdk/sdk/lib/libphy.a(phy_chip_v6.o)
 .rodata        0x3ffe8388        0x4 /home/jarda/esp-open-sdk/sdk/lib/libpp.a(pp.o)
 .rodata        0x3ffe838c        0x8 /home/jarda/esp-open-sdk/sdk/lib/libnet80211.a(ieee80211_hostap.o)
 .rodata        0x3ffe8394        0x6 /home/jarda/esp-open-sdk/sdk/lib/liblwip.a(etharp.o)
                0x3ffe8394                ethbroadcast
 *fill*         0x3ffe839a        0x2 
 .rodata        0x3ffe839c       0x14 /home/jarda/Sming/Sming/compiler/lib//libsming.a(WebSocket.o)
 *(.rodata.*)
 .rodata.str1.4
                0x3ffe83b0        0xc /home/jarda/esp-open-sdk/sdk/lib/libmain.a(app_main.o)
 .rodata.str1.4
                0x3ffe83bc        0x4 /home/jarda/esp-open-sdk/sdk/lib/libmain.a(ets_timer.o)
                                  0xc (size before relaxing)
 .rodata.str1.4
                0x3ffe83c0       0x1a /home/jarda/esp-open-sdk/sdk/lib/libmain.a(mem_manager.o)
 *fill*         0x3ffe83da        0x2 
 .rodata._ZL14EspDigitalPins
                0x3ffe83dc       0xc0 /home/jarda/Sming/Sming/compiler/lib//libsming.a(user_main.o)
 *fill*         0x3ffe849c        0x4 
 .rodata._ZTV6VectorI8DelegateIFvvEEE
                0x3ffe84a0       0x1c /home/jarda/Sming/Sming/compiler/lib//libsming.a(System.o)
                0x3ffe84a0                _ZTV6VectorI8DelegateIFvvEEE
 *fill*         0x3ffe84bc        0x4 
 .rodata._ZTV6VectorIP19ISystemReadyHandlerE
                0x3ffe84c0       0x1c /home/jarda/Sming/Sming/compiler/lib//libsming.a(System.o)
                0x3ffe84c0                _ZTV6VectorIP19ISystemReadyHandlerE
 .rodata.str1.1
                0x3ffe84dc       0x41 /home/jarda/Sming/Sming/compiler/lib//libsming.a(esp_cplusplus.o)
 .rodata.str1.1
                0x3ffe851d       0x21 /home/jarda/Sming/Sming/compiler/lib//libsming.a(stringconversion.o)
 .rodata.str1.1
                0x3ffe853e        0xf /home/jarda/Sming/Sming/compiler/lib//libsming.a(IPAddress.o)
                                 0x10 (size before relaxing)
 *fill*         0x3ffe854d        0x3 
 .rodata._ZTV9IPAddress
                0x3ffe8550        0xc /home/jarda/Sming/Sming/compiler/lib//libsming.a(IPAddress.o)
                0x3ffe8550                _ZTV9IPAddress
 .rodata.str1.1
                0x00000000        0x1 /home/jarda/Sming/Sming/compiler/lib//libsming.a(WString.o)
 .rodata.CSWTCH$14
                0x3ffe855c       0x21 /home/jarda/Sming/Sming/compiler/lib//libsming.a(Interrupts.o)
 .rodata.str1.1
                0x3ffe857d       0x23 /home/jarda/Sming/Sming/compiler/lib//libsming.a(Digital.o)
 .rodata._ZL14EspDigitalPins
                0x3ffe85a0       0xc0 /home/jarda/Sming/Sming/compiler/lib//libsming.a(Digital.o)
 .rodata.str1.1
                0x3ffe8660       0xfe out/build/app_app.a(application.o)
                                0x10d (size before relaxing)
 *fill*         0x3ffe875e        0x2 
 .rodata._ZTV15IDelegateCallerIvIR13UdpConnectionPci9IPAddresstEE
                0x3ffe8760       0x14 out/build/app_app.a(application.o)
                0x3ffe8760                _ZTV15IDelegateCallerIvIR13UdpConnectionPci9IPAddresstEE
 *fill*         0x3ffe8774        0x4 
 .rodata._ZTV14FunctionCallerIPFvR13UdpConnectionPci9IPAddresstEvIS1_S2_iS3_tEE
                0x3ffe8778       0x14 out/build/app_app.a(application.o)
                0x3ffe8778                _ZTV14FunctionCallerIPFvR13UdpConnectionPci9IPAddresstEvIS1_S2_iS3_tEE
 *fill*         0x3ffe878c        0x4 
 .rodata._ZTV15IDelegateCallerIvIR11HttpRequestR12HttpResponseEE
                0x3ffe8790       0x14 out/build/app_app.a(application.o)
                0x3ffe8790                _ZTV15IDelegateCallerIvIR11HttpRequestR12HttpResponseEE
 *fill*         0x3ffe87a4        0x4 
 .rodata._ZTV14FunctionCallerIPFvR11HttpRequestR12HttpResponseEvIS1_S3_EE
                0x3ffe87a8       0x14 out/build/app_app.a(application.o)
                0x3ffe87a8                _ZTV14FunctionCallerIPFvR11HttpRequestR12HttpResponseEvIS1_S3_EE
 .rodata.str1.1
                0x3ffe87bc        0xc /home/jarda/Sming/Sming/compiler/lib//libmicroc.a(abort.o)
 .rodata.str1.4
                0x3ffe87c8        0x4 /home/jarda/esp-open-sdk/sdk/lib/libpp.a(lmac.o)
                                  0xc (size before relaxing)
 .rodata.str1.4
                0x3ffe87cc        0x4 /home/jarda/esp-open-sdk/sdk/lib/libpp.a(pm_for_bcn_only_mode.o)
                                  0xc (size before relaxing)
 .rodata.str1.4
                0x3ffe87d0        0x8 /home/jarda/esp-open-sdk/sdk/lib/libpp.a(pp.o)
                                 0x10 (size before relaxing)
 .rodata.str1.4
                0x3ffe87d8        0x4 /home/jarda/esp-open-sdk/sdk/lib/libpp.a(wdev.o)
                                  0xc (size before relaxing)
 .rodata.str1.4
                0x3ffe87dc        0x3 /home/jarda/esp-open-sdk/sdk/lib/libnet80211.a(ieee80211_hostap.o)
                                  0x8 (size before relaxing)
 *fill*         0x3ffe87df        0x1 
 .rodata.str1.4
                0x3ffe87e0        0x7 /home/jarda/esp-open-sdk/sdk/lib/libnet80211.a(ieee80211_mesh_quick.o)
 .rodata.str1.4
                0x00000000        0x4 /home/jarda/esp-open-sdk/sdk/lib/libnet80211.a(ieee80211_sta.o)
 .rodata.str1.4
                0x00000000        0x4 /home/jarda/esp-open-sdk/sdk/lib/libnet80211.a(ieee80211_action_vendor.o)
 .rodata.str1.4
                0x00000000        0x4 /home/jarda/esp-open-sdk/sdk/lib/libnet80211.a(ieee80211_ie_vendor.o)
 *fill*         0x3ffe87e7        0x1 
 .rodata.str1.4
                0x3ffe87e8        0x4 /home/jarda/esp-open-sdk/sdk/lib/liblwip.a(espconn_tcp.o)
                                  0x1 (size before relaxing)
 .rodata.str1.1
                0x3ffe87ec      0x157 /home/jarda/Sming/Sming/compiler/lib//libsming.a(spiffs_sming.o)
                                0x165 (size before relaxing)
 .rodata.str1.1
                0x3ffe8943      0x13c /home/jarda/Sming/Sming/compiler/lib//libsming.a(DataSourceStream.o)
                                0x13d (size before relaxing)
 *fill*         0x3ffe8a7f        0x1 
 .rodata._ZTV17IDataSourceStream
                0x3ffe8a80       0x20 /home/jarda/Sming/Sming/compiler/lib//libsming.a(DataSourceStream.o)
                0x3ffe8a80                _ZTV17IDataSourceStream
 .rodata._ZTV10FileStream
                0x3ffe8aa0       0x2c /home/jarda/Sming/Sming/compiler/lib//libsming.a(DataSourceStream.o)
                0x3ffe8aa0                _ZTV10FileStream
 *fill*         0x3ffe8acc        0x4 
 .rodata._ZTV18TemplateFileStream
                0x3ffe8ad0       0x2c /home/jarda/Sming/Sming/compiler/lib//libsming.a(DataSourceStream.o)
                0x3ffe8ad0                _ZTV18TemplateFileStream
 .rodata.str1.1
                0x3ffe8afc       0x34 /home/jarda/Sming/Sming/compiler/lib//libsming.a(FileSystem.o)
                                 0x37 (size before relaxing)
 .rodata._ZTV6VectorI6StringE
                0x3ffe8b30       0x1c /home/jarda/Sming/Sming/compiler/lib//libsming.a(FileSystem.o)
                0x3ffe8b30                _ZTV6VectorI6StringE
 .rodata.str1.1
                0x00000000       0x34 /home/jarda/Sming/Sming/compiler/lib//libsming.a(HardwareSerial.o)
                                  0x3 (size before relaxing)
 *fill*         0x3ffe8b4c        0x4 
 .rodata._ZTV14HardwareSerial
                0x3ffe8b50       0x20 /home/jarda/Sming/Sming/compiler/lib//libsming.a(HardwareSerial.o)
                0x3ffe8b50                _ZTV14HardwareSerial
 .rodata.str1.1
                0x3ffe8b70      0x1c6 /home/jarda/Sming/Sming/compiler/lib//libsming.a(HttpResponse.o)
                                0x1ec (size before relaxing)
 *fill*         0x3ffe8d36        0x2 
 .rodata._ZTV12HttpResponse
                0x3ffe8d38       0x10 /home/jarda/Sming/Sming/compiler/lib//libsming.a(HttpResponse.o)
                0x3ffe8d38                _ZTV12HttpResponse
 .rodata.str1.1
                0x3ffe8d48      0x12c /home/jarda/Sming/Sming/compiler/lib//libsming.a(HttpServer.o)
                                0x143 (size before relaxing)
 *fill*         0x3ffe8e74        0x4 
 .rodata._ZTV6VectorI9WebSocketE
                0x3ffe8e78       0x1c /home/jarda/Sming/Sming/compiler/lib//libsming.a(HttpServer.o)
                0x3ffe8e78                _ZTV6VectorI9WebSocketE
 *fill*         0x3ffe8e94        0x4 
 .rodata._ZTV10HttpServer
                0x3ffe8e98       0x5c /home/jarda/Sming/Sming/compiler/lib//libsming.a(HttpServer.o)
                0x3ffe8e98                _ZTV10HttpServer
 *fill*         0x3ffe8ef4        0x4 
 .rodata._ZTV15IDelegateCallerIvIR20HttpServerConnectionEE
                0x3ffe8ef8       0x14 /home/jarda/Sming/Sming/compiler/lib//libsming.a(HttpServer.o)
                0x3ffe8ef8                _ZTV15IDelegateCallerIvIR20HttpServerConnectionEE
 *fill*         0x3ffe8f0c        0x4 
 .rodata._ZTV12MethodCallerIM10HttpServerFvR20HttpServerConnectionEE
                0x3ffe8f10       0x14 /home/jarda/Sming/Sming/compiler/lib//libsming.a(HttpServer.o)
                0x3ffe8f10                _ZTV12MethodCallerIM10HttpServerFvR20HttpServerConnectionEE
 .rodata.str1.1
                0x3ffe8f24      0x203 /home/jarda/Sming/Sming/compiler/lib//libsming.a(TcpConnection.o)
                                0x220 (size before relaxing)
 *fill*         0x3ffe9127        0x1 
 .rodata._ZTV13TcpConnection
                0x3ffe9128       0x38 /home/jarda/Sming/Sming/compiler/lib//libsming.a(TcpConnection.o)
                0x3ffe9128                _ZTV13TcpConnection
 .rodata.str1.1
                0x3ffe9160      0x13e /home/jarda/Sming/Sming/compiler/lib//libsming.a(TcpServer.o)
 *fill*         0x3ffe929e        0x2 
 .rodata._ZTV9TcpServer
                0x3ffe92a0       0x50 /home/jarda/Sming/Sming/compiler/lib//libsming.a(TcpServer.o)
                0x3ffe92a0                _ZTV9TcpServer
 .rodata._ZTV15IDelegateCallerIvIR9TcpClientbEE
                0x3ffe92f0       0x14 /home/jarda/Sming/Sming/compiler/lib//libsming.a(TcpServer.o)
                0x3ffe92f0                _ZTV15IDelegateCallerIvIR9TcpClientbEE
 *fill*         0x3ffe9304        0x4 
 .rodata._ZTV15IDelegateCallerIbIR9TcpClientPciEE
                0x3ffe9308       0x14 /home/jarda/Sming/Sming/compiler/lib//libsming.a(TcpServer.o)
                0x3ffe9308                _ZTV15IDelegateCallerIbIR9TcpClientPciEE
 *fill*         0x3ffe931c        0x4 
 .rodata._ZTV12MethodCallerIM9TcpServerFbR9TcpClientPciEE
                0x3ffe9320       0x14 /home/jarda/Sming/Sming/compiler/lib//libsming.a(TcpServer.o)
                0x3ffe9320                _ZTV12MethodCallerIM9TcpServerFbR9TcpClientPciEE
 *fill*         0x3ffe9334        0x4 
 .rodata._ZTV12MethodCallerIM9TcpServerFvR9TcpClientbEE
                0x3ffe9338       0x14 /home/jarda/Sming/Sming/compiler/lib//libsming.a(TcpServer.o)
                0x3ffe9338                _ZTV12MethodCallerIM9TcpServerFvR9TcpClientbEE
 .rodata.str1.1
                0x3ffe934c       0x59 /home/jarda/Sming/Sming/compiler/lib//libsming.a(UdpConnection.o)
 *fill*         0x3ffe93a5        0x3 
 .rodata._ZTV13UdpConnection
                0x3ffe93a8       0x28 /home/jarda/Sming/Sming/compiler/lib//libsming.a(UdpConnection.o)
                0x3ffe93a8                _ZTV13UdpConnection
 .rodata.str1.1
                0x3ffe93d0       0x2a /home/jarda/Sming/Sming/compiler/lib//libsming.a(WebSocket.o)
                                 0x5b (size before relaxing)
 *fill*         0x3ffe93fa        0x6 
 .rodata._ZTV9WebSocket
                0x3ffe9400        0xc /home/jarda/Sming/Sming/compiler/lib//libsming.a(WebSocket.o)
                0x3ffe9400                _ZTV9WebSocket
 .rodata.str1.1
                0x3ffe940c      0x128 /home/jarda/Sming/Sming/compiler/lib//libsming.a(AccessPoint.o)
                                0x12b (size before relaxing)
 *fill*         0x3ffe9534        0x4 
 .rodata._ZTV19ISystemReadyHandler
                0x3ffe9538       0x14 /home/jarda/Sming/Sming/compiler/lib//libsming.a(AccessPoint.o)
                0x3ffe9538                _ZTV19ISystemReadyHandler
 *fill*         0x3ffe954c        0x4 
 .rodata._ZTV16AccessPointClass
                0x3ffe9550       0x14 /home/jarda/Sming/Sming/compiler/lib//libsming.a(AccessPoint.o)
                0x3ffe9550                _ZTV16AccessPointClass
 .rodata.str1.1
                0x3ffe9564      0x233 /home/jarda/Sming/Sming/compiler/lib//libsming.a(Station.o)
                                0x2a3 (size before relaxing)
 *fill*         0x3ffe9797        0x1 
 .rodata._ZTV12StationClass
                0x3ffe9798       0x14 /home/jarda/Sming/Sming/compiler/lib//libsming.a(Station.o)
                0x3ffe9798                _ZTV12StationClass
 *fill*         0x3ffe97ac        0x4 
 .rodata._ZTV6VectorI7BssInfoE
                0x3ffe97b0       0x1c /home/jarda/Sming/Sming/compiler/lib//libsming.a(Station.o)
                0x3ffe97b0                _ZTV6VectorI7BssInfoE
 *fill*         0x3ffe97cc        0x4 
 .rodata._ZTV8WDTClass
                0x3ffe97d0       0x14 /home/jarda/Sming/Sming/compiler/lib//libsming.a(WDT.o)
                0x3ffe97d0                _ZTV8WDTClass
 .rodata.str1.1
                0x3ffe97e4       0xf3 /home/jarda/Sming/Sming/compiler/lib//libsming.a(CommandExecutor.o)
                                 0xf8 (size before relaxing)
 .rodata.str1.1
                0x3ffe98d7      0x3b3 /home/jarda/Sming/Sming/compiler/lib//libsming.a(CommandHandler.o)
                                0x3bb (size before relaxing)
 .rodata.str1.1
                0x3ffe9c8a        0xb /home/jarda/Sming/Sming/compiler/lib//libsming.a(CommandOutput.o)
                                  0xc (size before relaxing)
 *fill*         0x3ffe9c95        0x3 
 .rodata._ZTV13CommandOutput
                0x3ffe9c98       0x18 /home/jarda/Sming/Sming/compiler/lib//libsming.a(CommandOutput.o)
                0x3ffe9c98                _ZTV13CommandOutput
 .rodata.str1.1
                0x3ffe9cb0       0x17 /home/jarda/Sming/Sming/compiler/lib//libsming.a(websocket.o)
 .rodata._ZZ17wsParseInputFramePhjPS_PjE12__FUNCTION__
                0x3ffe9cc7       0x12 /home/jarda/Sming/Sming/compiler/lib//libsming.a(websocket.o)
 .rodata._ZZ11wsMakeFramePKhjPhPj11wsFrameTypeE12__FUNCTION__
                0x3ffe9cd9        0xc /home/jarda/Sming/Sming/compiler/lib//libsming.a(websocket.o)
 .rodata._ZL13base64enc_tab
                0x3ffe9ce5       0x41 /home/jarda/Sming/Sming/compiler/lib//libsming.a(base64.o)
 .rodata.str1.1
                0x3ffe9d26       0x59 /home/jarda/Sming/Sming/compiler/lib//libsming.a(flashmem.o)
 *fill*         0x3ffe9d7f        0x1 
 .rodata.CSWTCH$10
                0x3ffe9d80       0x14 /home/jarda/Sming/Sming/compiler/lib//libsming.a(flashmem.o)
 .rodata.str1.1
                0x3ffe9d94       0xd0 /home/jarda/Sming/Sming/compiler/lib//libsming.a(HttpRequest.o)
                                0x10d (size before relaxing)
 *fill*         0x3ffe9e64        0x4 
 .rodata._ZTV11HttpRequest
                0x3ffe9e68       0x10 /home/jarda/Sming/Sming/compiler/lib//libsming.a(HttpRequest.o)
                0x3ffe9e68                _ZTV11HttpRequest
 .rodata.str1.1
                0x3ffe9e78       0xe6 /home/jarda/Sming/Sming/compiler/lib//libsming.a(HttpServerConnection.o)
                                 0xfb (size before relaxing)
 *fill*         0x3ffe9f5e        0x2 
 .rodata._ZTV20HttpServerConnection
                0x3ffe9f60       0x40 /home/jarda/Sming/Sming/compiler/lib//libsming.a(HttpServerConnection.o)
                0x3ffe9f60                _ZTV20HttpServerConnection
 .rodata.str1.1
                0x3ffe9fa0       0x1e /home/jarda/Sming/Sming/compiler/lib//libsming.a(TcpClient.o)
 *fill*         0x3ffe9fbe        0x2 
 .rodata._ZTV9TcpClient
                0x3ffe9fc0       0x3c /home/jarda/Sming/Sming/compiler/lib//libsming.a(TcpClient.o)
                0x3ffe9fc0                _ZTV9TcpClient
 .rodata.str1.1
                0x00000000        0x1 /home/jarda/Sming/Sming/compiler/lib//libsming.a(CommandDelegate.o)
 .rodata.str1.1
                0x3ffe9ffc       0x1e /home/jarda/Sming/Sming/compiler/lib//libsming.a(escape.o)
                                 0x35 (size before relaxing)
 .rodata._ZZ12uri_unescapeE12__FUNCTION__
                0x3ffea01a        0xd /home/jarda/Sming/Sming/compiler/lib//libsming.a(escape.o)
 *(.gnu.linkonce.r.*)
 *(.rodata1)
                0x3ffea027                __XT_EXCEPTION_TABLE__ = ABSOLUTE (.)
 *(.xt_except_table)
 *(.gcc_except_table)
 *(.gnu.linkonce.e.*)
 *(.gnu.version_r)
 *(.eh_frame)
                0x3ffea028                . = ((. + 0x3) & 0xfffffffc)
 *fill*         0x3ffea027        0x1 
                0x3ffea028                __dso_handle = ABSOLUTE (.)
                0x3ffea028                __init_array_start = ABSOLUTE (.)
 *crtbegin.o(.ctors)
 *(EXCLUDE_FILE(*crtend.o) .ctors)
 .ctors         0x3ffea028        0x4 /home/jarda/Sming/Sming/compiler/lib//libsming.a(user_main.o)
 .ctors         0x3ffea02c        0x4 /home/jarda/Sming/Sming/compiler/lib//libsming.a(System.o)
 .ctors         0x3ffea030        0x4 /home/jarda/Sming/Sming/compiler/lib//libsming.a(m_printf.o)
 .ctors         0x3ffea034        0x4 /home/jarda/Sming/Sming/compiler/lib//libsming.a(IPAddress.o)
 .ctors         0x3ffea038        0x4 /home/jarda/Sming/Sming/compiler/lib//libsming.a(Print.o)
 .ctors         0x3ffea03c        0x4 /home/jarda/Sming/Sming/compiler/lib//libsming.a(WString.o)
 .ctors         0x3ffea040        0x4 /home/jarda/Sming/Sming/compiler/lib//libsming.a(Interrupts.o)
 .ctors         0x3ffea044        0x4 /home/jarda/Sming/Sming/compiler/lib//libsming.a(Digital.o)
 .ctors         0x3ffea048        0x4 out/build/app_app.a(application.o)
 .ctors         0x3ffea04c        0x4 /home/jarda/Sming/Sming/compiler/lib//libsming.a(DataSourceStream.o)
 .ctors         0x3ffea050        0x4 /home/jarda/Sming/Sming/compiler/lib//libsming.a(HardwareSerial.o)
 .ctors         0x3ffea054        0x4 /home/jarda/Sming/Sming/compiler/lib//libsming.a(HttpResponse.o)
 .ctors         0x3ffea058        0x4 /home/jarda/Sming/Sming/compiler/lib//libsming.a(HttpServer.o)
 .ctors         0x3ffea05c        0x4 /home/jarda/Sming/Sming/compiler/lib//libsming.a(TcpConnection.o)
 .ctors         0x3ffea060        0x4 /home/jarda/Sming/Sming/compiler/lib//libsming.a(TcpServer.o)
 .ctors         0x3ffea064        0x4 /home/jarda/Sming/Sming/compiler/lib//libsming.a(UdpConnection.o)
 .ctors         0x3ffea068        0x4 /home/jarda/Sming/Sming/compiler/lib//libsming.a(WebSocket.o)
 .ctors         0x3ffea06c        0x4 /home/jarda/Sming/Sming/compiler/lib//libsming.a(AccessPoint.o)
 .ctors         0x3ffea070        0x4 /home/jarda/Sming/Sming/compiler/lib//libsming.a(Station.o)
 .ctors         0x3ffea074        0x4 /home/jarda/Sming/Sming/compiler/lib//libsming.a(WDT.o)
 .ctors         0x3ffea078        0x4 /home/jarda/Sming/Sming/compiler/lib//libsming.a(ArduinoJson.o)
 .ctors         0x3ffea07c        0x4 /home/jarda/Sming/Sming/compiler/lib//libsming.a(CommandExecutor.o)
 .ctors         0x3ffea080        0x4 /home/jarda/Sming/Sming/compiler/lib//libsming.a(CommandHandler.o)
 .ctors         0x3ffea084        0x4 /home/jarda/Sming/Sming/compiler/lib//libsming.a(CommandOutput.o)
 .ctors         0x3ffea088        0x4 /home/jarda/Sming/Sming/compiler/lib//libsming.a(Clock.o)
 .ctors         0x3ffea08c        0x4 /home/jarda/Sming/Sming/compiler/lib//libsming.a(SystemClock.o)
 .ctors         0x3ffea090        0x4 /home/jarda/Sming/Sming/compiler/lib//libsming.a(HttpRequest.o)
 .ctors         0x3ffea094        0x4 /home/jarda/Sming/Sming/compiler/lib//libsming.a(HttpServerConnection.o)
 .ctors         0x3ffea098        0x4 /home/jarda/Sming/Sming/compiler/lib//libsming.a(TcpClient.o)
 .ctors         0x3ffea09c        0x4 /home/jarda/Sming/Sming/compiler/lib//libsming.a(RTC.o)
 .ctors         0x3ffea0a0        0x4 /home/jarda/Sming/Sming/compiler/lib//libsming.a(CommandDelegate.o)
 .ctors         0x3ffea0a4        0x4 /home/jarda/Sming/Sming/compiler/lib//libsming.a(DateTime.o)
 *(SORT(.ctors.*))
 *(.ctors)
                0x3ffea0a8                __init_array_end = ABSOLUTE (.)
 *crtbegin.o(.dtors)
 *(EXCLUDE_FILE(*crtend.o) .dtors)
 .dtors         0x3ffea0a8        0x4 /home/jarda/Sming/Sming/compiler/lib//libsming.a(System.o)
 .dtors         0x3ffea0ac        0x4 /home/jarda/Sming/Sming/compiler/lib//libsming.a(Interrupts.o)
 .dtors         0x3ffea0b0        0x4 out/build/app_app.a(application.o)
 .dtors         0x3ffea0b4        0x4 /home/jarda/Sming/Sming/compiler/lib//libsming.a(HardwareSerial.o)
 .dtors         0x3ffea0b8        0x4 /home/jarda/Sming/Sming/compiler/lib//libsming.a(AccessPoint.o)
 .dtors         0x3ffea0bc        0x4 /home/jarda/Sming/Sming/compiler/lib//libsming.a(Station.o)
 .dtors         0x3ffea0c0        0x4 /home/jarda/Sming/Sming/compiler/lib//libsming.a(WDT.o)
 .dtors         0x3ffea0c4        0x4 /home/jarda/Sming/Sming/compiler/lib//libsming.a(CommandHandler.o)
 *(SORT(.dtors.*))
 *(.dtors)
                0x3ffea0c8                __XT_EXCEPTION_DESCS__ = ABSOLUTE (.)
 *(.xt_except_desc)
 *(.gnu.linkonce.h.*)
                0x3ffea0c8                __XT_EXCEPTION_DESCS_END__ = ABSOLUTE (.)
 *(.xt_except_desc_end)
 *(.dynamic)
 *(.gnu.version_d)
                0x3ffea0c8                . = ALIGN (0x4)
                0x3ffea0c8                _bss_table_start = ABSOLUTE (.)
                0x3ffea0c8        0x4 LONG 0x3ffea0d0 _bss_start
                0x3ffea0cc        0x4 LONG 0x3fff16b8 _bss_end
                0x3ffea0d0                _bss_table_end = ABSOLUTE (.)
                0x3ffea0d0                _rodata_end = ABSOLUTE (.)

.bss            0x3ffea0d0     0x75e8
                0x3ffea0d0                . = ALIGN (0x8)
                0x3ffea0d0                _bss_start = ABSOLUTE (.)
 *(.dynsbss)
 *(.sbss)
 *(.sbss.*)
 *(.gnu.linkonce.sb.*)
 *(.scommon)
 *(.sbss2)
 *(.sbss2.*)
 *(.gnu.linkonce.sb2.*)
 *(.dynbss)
 *(.bss)
 .bss           0x3ffea0d0      0x1c0 /home/jarda/esp-open-sdk/sdk/lib/libmain.a(nmi-vector.o)
 .bss           0x3ffea290       0x41 /home/jarda/esp-open-sdk/sdk/lib/libmain.a(app_main.o)
                0x3ffea294                info
                0x3ffea2b8                lwip_timer_interval
                0x3ffea2bc                check_timeouts_timer
                0x3ffea2d0                user_init_flag
 *fill*         0x3ffea2d1        0xf 
 .bss           0x3ffea2e0       0x30 /home/jarda/esp-open-sdk/sdk/lib/libmain.a(ets_timer.o)
                0x3ffea2e0                timer_list
                0x3ffea2e4                debug_timer
                0x3ffea2e8                debug_timerfn
 .bss           0x3ffea310       0x34 /home/jarda/esp-open-sdk/sdk/lib/libmain.a(mem_manager.o)
 .bss           0x3ffea344        0x4 /home/jarda/esp-open-sdk/sdk/lib/libmain.a(spi_flash.o)
                0x3ffea344                flash_read
 *fill*         0x3ffea348        0x8 
 .bss           0x3ffea350      0x242 /home/jarda/esp-open-sdk/sdk/lib/libmain.a(user_interface.o)
                0x3ffea447                deep_sleep_flag
                0x3ffea448                cpu_overclock
                0x3ffea44c                event_cb
                0x3ffea450                status_led_output_level
                0x3ffea454                done_cb
                0x3ffea458                rst_if
                0x3ffea474                default_interface
                0x3ffea475                OpmodChgIsOnGoing
                0x3ffea478                promiscuous_cb
                0x3ffea490                event_TaskQueue
 *fill*         0x3ffea592        0x2 
 .bss           0x3ffea594        0xc /home/jarda/esp-open-sdk/sdk/lib/libmain.a(eagle_lwip_if.o)
                0x3ffea594                hostname
 .bss           0x3ffea5a0        0x4 /home/jarda/esp-open-sdk/sdk/lib/libphy.a(phy.o)
 .bss           0x3ffea5a4        0x2 /home/jarda/esp-open-sdk/sdk/lib/libphy.a(phy_chip_v6_ana.o)
                0x3ffea5a4                tout_dis_txpwr_track
                0x3ffea5a5                sleep_mode_flag
 *fill*         0x3ffea5a6        0x2 
 .bss           0x3ffea5a8      0x160 /home/jarda/esp-open-sdk/sdk/lib/libphy.a(phy_chip_v6.o)
                0x3ffea5a8                g_phyFuns
                0x3ffea5ac                rxiq_compute_num
                0x3ffea5b0                rx_table_renew_en
                0x3ffea5b4                check_result
                0x3ffea5b8                chip6_sleep_params
                0x3ffea64c                chip6_phy_init_ctrl
                0x3ffea6c0                phy_freq_offset
                0x3ffea6c2                do_pwctrl_flag
                0x3ffea6c3                pwctrl_debug
                0x3ffea6c4                txbk_dpdby_flag
                0x3ffea6c6                sw_scan_mode
                0x3ffea6c7                rxmax_ext_level
                0x3ffea6c8                phy_rx_gain_dc_table
                0x3ffea6dc                periodic_cal_dc_num
                0x3ffea6e0                periodic_cal_flag
                0x3ffea6e1                bbpll_cal_flag
                0x3ffea6e2                phy_in_most_power
                0x3ffea6e3                init_rf_no_cal
                0x3ffea6e4                test_print_time
                0x3ffea6e8                phy_rx_gain_dc_flag
                0x3ffea6e9                phy_in_vdd33_offset
                0x3ffea6ea                phy_set_most_tpw_disbg
                0x3ffea6eb                phy_set_most_tpw_index
                0x3ffea6ec                adc_rand_noise
                0x3ffea6f0                dpd_bypass_original
                0x3ffea6f8                noise_array
 .bss           0x3ffea708        0x8 /home/jarda/esp-open-sdk/sdk/lib/libphy.a(phy_chip_v6_cal.o)
                0x3ffea708                phy_tx_power_out
                0x3ffea70a                loop_pwctrl_pwdet_error_accum_high_power
                0x3ffea70c                tx_pwctrl_pk_num
                0x3ffea70d                tx_pwctrl_track_num
                0x3ffea70e                loop_pwctrl_correct_atten_high_power
                0x3ffea70f                rxiq_cover_fail_num
 .bss           0x3ffea710        0x7 /home/jarda/esp-open-sdk/sdk/lib/libphy.a(phy_sleep.o)
                0x3ffea710                periodic_cal_sat
                0x3ffea712                lslp_mem_opt_8266
                0x3ffea714                software_slp_reject
                0x3ffea715                SDIO_slp_reject
                0x3ffea716                hardware_reject
 *fill*         0x3ffea717        0x9 
 .bss           0x3ffea720       0x40 /home/jarda/esp-open-sdk/sdk/lib/libpp.a(if_hwctrl.o)
                0x3ffea720                interface_mask
                0x3ffea740                if_ctrl
 .bss           0x3ffea760      0x150 /home/jarda/esp-open-sdk/sdk/lib/libpp.a(lmac.o)
                0x3ffea764                lmacConfMib
 .bss           0x3ffea8b0      0x11a /home/jarda/esp-open-sdk/sdk/lib/libpp.a(pm.o)
                0x3ffea8b0                pmc
                0x3ffea990                flash_tmp
 *fill*         0x3ffea9ca        0x2 
 .bss           0x3ffea9cc       0x30 /home/jarda/esp-open-sdk/sdk/lib/libpp.a(pm_for_bcn_only_mode.o)
 *fill*         0x3ffea9fc        0x4 
 .bss           0x3ffeaa00      0x2e2 /home/jarda/esp-open-sdk/sdk/lib/libpp.a(pp.o)
                0x3ffeaa18                pend_flag_noise_check
                0x3ffeaa20                pend_flag_periodic_cal
                0x3ffeaa38                idle_timer_reopen_flag
                0x3ffeaa3a                dbg_stop_sw_wdt
                0x3ffeaa3b                dbg_stop_hw_wdt
                0x3ffeaa3c                HighestFreqOffsetInOneChk
                0x3ffeaa3e                LowestFreqOffsetInOneChk
                0x3ffeaa40                DefFreqCalTimer
 *fill*         0x3ffeace2        0xe 
 .bss           0x3ffeacf0      0x100 /home/jarda/esp-open-sdk/sdk/lib/libpp.a(rate_control.o)
 .bss           0x3ffeadf0      0x46c /home/jarda/esp-open-sdk/sdk/lib/libpp.a(trc.o)
 *fill*         0x3ffeb25c        0x4 
 .bss           0x3ffeb260     0x2f68 /home/jarda/esp-open-sdk/sdk/lib/libpp.a(wdev.o)
                0x3ffeb260                wDevCtrl
                0x3ffeb408                WdevTimOffSet
 *fill*         0x3ffee1c8        0x8 
 .bss           0x3ffee1d0     0x12f4 /home/jarda/esp-open-sdk/sdk/lib/libpp.a(esf_buf.o)
 .bss           0x3ffef4c4      0x678 /home/jarda/esp-open-sdk/sdk/lib/libnet80211.a(ieee80211.o)
                0x3ffef4c4                g_ic
 .bss           0x3ffefb3c       0x49 /home/jarda/esp-open-sdk/sdk/lib/libnet80211.a(ieee80211_hostap.o)
                0x3ffefb3c                BcnEb_update
                0x3ffefb64                PendFreeBcnEb
                0x3ffefb68                ApFreqCalTimer
                0x3ffefb7c                APRecvBcnStartTick
 *fill*         0x3ffefb85        0x3 
 .bss           0x3ffefb88       0xc8 /home/jarda/esp-open-sdk/sdk/lib/libnet80211.a(ieee80211_scan.o)
                0x3ffefb88                gScanStruct
                0x3ffefc34                connect_scan_flag
                0x3ffefc35                FreqCalCntForScan
                0x3ffefc36                TestStaFreqCalValInput
                0x3ffefc38                auth_type
                0x3ffefc3a                scannum
 .bss           0x3ffefc50       0x10 /home/jarda/esp-open-sdk/sdk/lib/libnet80211.a(ieee80211_sta.o)
 .bss           0x3ffefc60       0x3c /home/jarda/esp-open-sdk/sdk/lib/libnet80211.a(wl_chm.o)
 *fill*         0x3ffefc9c        0x4 
 .bss           0x3ffefca0      0x37a /home/jarda/esp-open-sdk/sdk/lib/libnet80211.a(wl_cnx.o)
                0x3fff0000                sta_con_timer
                0x3fff0014                g_cnx_probe_rc_list_cb
                0x3fff0018                reconnect_flag
                0x3fff0019                no_ap_found_index
 *fill*         0x3fff001a        0x2 
 .bss           0x3fff001c       0x10 /home/jarda/esp-open-sdk/sdk/lib/libnet80211.a(ieee80211_action_vendor.o)
 *fill*         0x3fff002c        0x4 
 .bss           0x3fff0030       0x38 /home/jarda/esp-open-sdk/sdk/lib/liblwip.a(dhcp.o)
                0x3fff0030                dhcp_rx_options_given
                0x3fff0040                dhcp_rx_options_val
 .bss           0x3fff0068       0x28 /home/jarda/esp-open-sdk/sdk/lib/liblwip.a(dhcpserver.o)
 .bss           0x3fff0090      0x480 /home/jarda/esp-open-sdk/sdk/lib/liblwip.a(dns.o)
 .bss           0x3fff0510       0x78 /home/jarda/esp-open-sdk/sdk/lib/liblwip.a(espconn_tcp.o)
                0x3fff0510                espconn_TaskQueue
 *fill*         0x3fff0588        0x8 
 .bss           0x3fff0590      0x100 /home/jarda/esp-open-sdk/sdk/lib/liblwip.a(etharp.o)
                0x3fff0594                ethzero
 .bss           0x3fff0690       0x10 /home/jarda/esp-open-sdk/sdk/lib/liblwip.a(ip_addr.o)
 .bss           0x3fff06a0       0x12 /home/jarda/esp-open-sdk/sdk/lib/liblwip.a(ip.o)
                0x3fff06a0                current_iphdr_dest
                0x3fff06a4                current_iphdr_src
                0x3fff06a8                current_netif
                0x3fff06ac                current_header
 *fill*         0x3fff06b2        0x2 
 .bss           0x3fff06b4        0x9 /home/jarda/esp-open-sdk/sdk/lib/liblwip.a(netif.o)
                0x3fff06b4                netif_list
                0x3fff06b8                netif_default
 *fill*         0x3fff06bd        0x3 
 .bss           0x3fff06c0        0x4 /home/jarda/esp-open-sdk/sdk/lib/liblwip.a(raw.o)
 .bss           0x3fff06c4       0x34 /home/jarda/esp-open-sdk/sdk/lib/liblwip.a(tcp_in.o)
                0x3fff06f4                tcp_input_pcb
 .bss           0x3fff06f8       0x1c /home/jarda/esp-open-sdk/sdk/lib/liblwip.a(tcp.o)
                0x3fff06fc                tcp_active_pcbs
                0x3fff0700                tcp_tmp_pcb
                0x3fff0704                tcp_tw_pcbs
                0x3fff0708                tcp_bound_pcbs
                0x3fff070c                tcp_listen_pcbs
                0x3fff0710                tcp_ticks
 .bss           0x3fff0714        0xc /home/jarda/esp-open-sdk/sdk/lib/liblwip.a(timers.o)
 .bss           0x3fff0720        0x4 /home/jarda/esp-open-sdk/sdk/lib/liblwip.a(udp.o)
                0x3fff0720                udp_pcbs
 *fill*         0x3fff0724        0xc 
 .bss           0x3fff0730      0x104 /home/jarda/esp-open-sdk/sdk/lib/liblwip.a(espconn.o)
                0x3fff0730                plink_active
                0x3fff0734                pserver_list
                0x3fff0740                premot
                0x3fff0800                pktinfo
 .bss           0x3fff0834        0xc /home/jarda/esp-open-sdk/sdk/lib/liblwip.a(igmp.o)
 .bss           0x3fff0840      0x26a /home/jarda/esp-open-sdk/sdk/lib/libwpa.a(wpa.o)
 *fill*         0x3fff0aaa        0x6 
 .bss           0x3fff0ab0        0x8 /home/jarda/esp-open-sdk/sdk/lib/libnet80211.a(ieee80211_crypto_tkip.o)
 *(.bss.*)
 .bss._ZL5ESP01
                0x3fff0ab8       0x30 /home/jarda/Sming/Sming/compiler/lib//libsming.a(user_main.o)
 .bss._ZL11INADDR_NONE
                0x3fff0ae8        0x8 /home/jarda/Sming/Sming/compiler/lib//libsming.a(user_main.o)
 .bss.System    0x3fff0af0       0x2c /home/jarda/Sming/Sming/compiler/lib//libsming.a(System.o)
                0x3fff0af0                System
 .bss._ZL5ESP01
                0x3fff0b1c       0x30 /home/jarda/Sming/Sming/compiler/lib//libsming.a(m_printf.o)
 .bss._ZL11INADDR_NONE
                0x3fff0b4c        0x8 /home/jarda/Sming/Sming/compiler/lib//libsming.a(m_printf.o)
 .bss._ZL5ESP01
                0x3fff0b54       0x30 /home/jarda/Sming/Sming/compiler/lib//libsming.a(IPAddress.o)
 .bss._ZL11INADDR_NONE
                0x3fff0b84        0x8 /home/jarda/Sming/Sming/compiler/lib//libsming.a(IPAddress.o)
 .bss._ZL11INADDR_NONE
                0x3fff0b8c        0x8 /home/jarda/Sming/Sming/compiler/lib//libsming.a(Print.o)
 .bss._ZZN6StringixEjE19dummy_writable_char
                0x3fff0b94        0x1 /home/jarda/Sming/Sming/compiler/lib//libsming.a(WString.o)
 *fill*         0x3fff0b95        0x3 
 .bss._ZL11INADDR_NONE
                0x3fff0b98        0x8 /home/jarda/Sming/Sming/compiler/lib//libsming.a(WString.o)
 .bss._gpioInterruptsInitialied
                0x3fff0ba0        0x1 /home/jarda/Sming/Sming/compiler/lib//libsming.a(Interrupts.o)
                0x3fff0ba0                _gpioInterruptsInitialied
 *fill*         0x3fff0ba1        0x3 
 .bss._delegateFunctionList
                0x3fff0ba4       0x40 /home/jarda/Sming/Sming/compiler/lib//libsming.a(Interrupts.o)
                0x3fff0ba4                _delegateFunctionList
 .bss._gpioInterruptsList
                0x3fff0be4       0x40 /home/jarda/Sming/Sming/compiler/lib//libsming.a(Interrupts.o)
                0x3fff0be4                _gpioInterruptsList
 .bss._ZL11INADDR_NONE
                0x3fff0c24        0x8 /home/jarda/Sming/Sming/compiler/lib//libsming.a(Interrupts.o)
 .bss._ZL11INADDR_NONE
                0x3fff0c2c        0x8 /home/jarda/Sming/Sming/compiler/lib//libsming.a(Digital.o)
 .bss.server    0x3fff0c34       0x80 out/build/app_app.a(application.o)
                0x3fff0c34                server
 .bss.udp       0x3fff0cb4        0xc out/build/app_app.a(application.o)
                0x3fff0cb4                udp
 .bss.pravy     0x3fff0cc0        0x4 out/build/app_app.a(application.o)
                0x3fff0cc0                pravy
 .bss.delkaLevy
                0x3fff0cc4        0x4 out/build/app_app.a(application.o)
                0x3fff0cc4                delkaLevy
 .bss.levy      0x3fff0cc8        0x4 out/build/app_app.a(application.o)
                0x3fff0cc8                levy
 .bss._ZL5ESP01
                0x3fff0ccc       0x30 out/build/app_app.a(application.o)
 .bss._ZL11INADDR_NONE
                0x3fff0cfc        0x8 out/build/app_app.a(application.o)
 .bss.spiffs_cache
                0x3fff0d04      0x480 /home/jarda/Sming/Sming/compiler/lib//libsming.a(spiffs_sming.o)
 .bss.spiffs_fds
                0x3fff1184       0xe0 /home/jarda/Sming/Sming/compiler/lib//libsming.a(spiffs_sming.o)
 .bss.spiffs_work_buf
                0x3fff1264      0x200 /home/jarda/Sming/Sming/compiler/lib//libsming.a(spiffs_sming.o)
 .bss._ZL11INADDR_NONE
                0x3fff1464        0x8 /home/jarda/Sming/Sming/compiler/lib//libsming.a(DataSourceStream.o)
 .bss.Serial    0x3fff146c       0x18 /home/jarda/Sming/Sming/compiler/lib//libsming.a(HardwareSerial.o)
                0x3fff146c                Serial
 .bss._ZN14HardwareSerial10memberDataE
                0x3fff1484       0x18 /home/jarda/Sming/Sming/compiler/lib//libsming.a(HardwareSerial.o)
                0x3fff1484                _ZN14HardwareSerial10memberDataE
 .bss._ZL11INADDR_NONE
                0x3fff149c        0x8 /home/jarda/Sming/Sming/compiler/lib//libsming.a(HardwareSerial.o)
 .bss._ZL11INADDR_NONE
                0x3fff14a4        0x8 /home/jarda/Sming/Sming/compiler/lib//libsming.a(HttpResponse.o)
 .bss._ZL11INADDR_NONE
                0x3fff14ac        0x8 /home/jarda/Sming/Sming/compiler/lib//libsming.a(HttpServer.o)
 .bss._ZL11INADDR_NONE
                0x3fff14b4        0x8 /home/jarda/Sming/Sming/compiler/lib//libsming.a(TcpConnection.o)
 .bss._ZN9TcpServer16totalConnectionsE
                0x3fff14bc        0x2 /home/jarda/Sming/Sming/compiler/lib//libsming.a(TcpServer.o)
                0x3fff14bc                _ZN9TcpServer16totalConnectionsE
 *fill*         0x3fff14be        0x2 
 .bss._ZL11INADDR_NONE
                0x3fff14c0        0x8 /home/jarda/Sming/Sming/compiler/lib//libsming.a(TcpServer.o)
 .bss._ZL11INADDR_NONE
                0x3fff14c8        0x8 /home/jarda/Sming/Sming/compiler/lib//libsming.a(UdpConnection.o)
 .bss._ZL11INADDR_NONE
                0x3fff14d0        0x8 /home/jarda/Sming/Sming/compiler/lib//libsming.a(WebSocket.o)
 .bss.WifiAccessPoint
                0x3fff14d8        0x8 /home/jarda/Sming/Sming/compiler/lib//libsming.a(AccessPoint.o)
                0x3fff14d8                WifiAccessPoint
 .bss._ZL5ESP01
                0x3fff14e0       0x30 /home/jarda/Sming/Sming/compiler/lib//libsming.a(AccessPoint.o)
 .bss._ZL11INADDR_NONE
                0x3fff1510        0x8 /home/jarda/Sming/Sming/compiler/lib//libsming.a(AccessPoint.o)
 .bss.WifiStation
                0x3fff1518       0x24 /home/jarda/Sming/Sming/compiler/lib//libsming.a(Station.o)
                0x3fff1518                WifiStation
 .bss._ZL5ESP01
                0x3fff153c       0x30 /home/jarda/Sming/Sming/compiler/lib//libsming.a(Station.o)
 .bss._ZL11INADDR_NONE
                0x3fff156c        0x8 /home/jarda/Sming/Sming/compiler/lib//libsming.a(Station.o)
 .bss.WDT       0x3fff1574        0x8 /home/jarda/Sming/Sming/compiler/lib//libsming.a(WDT.o)
                0x3fff1574                WDT
 .bss._ZN11ArduinoJson10JsonObject8_invalidE
                0x3fff157c        0x8 /home/jarda/Sming/Sming/compiler/lib//libsming.a(ArduinoJson.o)
                0x3fff157c                _ZN11ArduinoJson10JsonObject8_invalidE
 .bss._ZN11ArduinoJson9JsonArray8_invalidE
                0x3fff1584        0x8 /home/jarda/Sming/Sming/compiler/lib//libsming.a(ArduinoJson.o)
                0x3fff1584                _ZN11ArduinoJson9JsonArray8_invalidE
 .bss._ZL11INADDR_NONE
                0x3fff158c        0x8 /home/jarda/Sming/Sming/compiler/lib//libsming.a(CommandExecutor.o)
 .bss.commandHandler
                0x3fff1594       0x1c /home/jarda/Sming/Sming/compiler/lib//libsming.a(CommandHandler.o)
                0x3fff1594                commandHandler
 .bss._ZL11INADDR_NONE
                0x3fff15b0        0x8 /home/jarda/Sming/Sming/compiler/lib//libsming.a(CommandHandler.o)
 .bss._ZL11INADDR_NONE
                0x3fff15b8        0x8 /home/jarda/Sming/Sming/compiler/lib//libsming.a(CommandOutput.o)
 .bss._ZL11INADDR_NONE
                0x3fff15c0        0x8 /home/jarda/Sming/Sming/compiler/lib//libsming.a(Clock.o)
 .bss.SystemClock
                0x3fff15c8       0x18 /home/jarda/Sming/Sming/compiler/lib//libsming.a(SystemClock.o)
                0x3fff15c8                SystemClock
 .bss._ZL11INADDR_NONE
                0x3fff15e0        0x8 /home/jarda/Sming/Sming/compiler/lib//libsming.a(SystemClock.o)
 .bss._ZL11INADDR_NONE
                0x3fff15e8        0x8 /home/jarda/Sming/Sming/compiler/lib//libsming.a(HttpRequest.o)
 .bss._ZL11INADDR_NONE
                0x3fff15f0        0x8 /home/jarda/Sming/Sming/compiler/lib//libsming.a(HttpServerConnection.o)
 .bss._ZL11INADDR_NONE
                0x3fff15f8        0x8 /home/jarda/Sming/Sming/compiler/lib//libsming.a(TcpClient.o)
 .bss.RTC       0x3fff1600        0x1 /home/jarda/Sming/Sming/compiler/lib//libsming.a(RTC.o)
                0x3fff1600                RTC
 *fill*         0x3fff1601        0x3 
 .bss._ZL11INADDR_NONE
                0x3fff1604        0x8 /home/jarda/Sming/Sming/compiler/lib//libsming.a(CommandDelegate.o)
 .bss._ZL5ESP01
                0x3fff160c       0x30 /home/jarda/Sming/Sming/compiler/lib//libsming.a(DateTime.o)
 .bss._ZL11INADDR_NONE
                0x3fff163c        0x8 /home/jarda/Sming/Sming/compiler/lib//libsming.a(DateTime.o)
 *(.gnu.linkonce.b.*)
 *(COMMON)
 COMMON         0x3fff1644       0x70 /home/jarda/Sming/Sming/compiler/lib//libsming.a(spiffs_sming.o)
                0x3fff1644                _filesystemStorageHandle
                0x3fff16b8                . = ALIGN (0x8)
 *fill*         0x3fff16b4        0x4 
                0x3fff16b8                _bss_end = ABSOLUTE (.)
                0x3fff16b8                _heap_start = ABSOLUTE (.)

.irom0.text     0x40209000    0x3a732
                0x40209000                _irom0_text_start = ABSOLUTE (.)
 *(.irom0.literal .irom.literal .irom.text.literal .irom0.text .irom.text)
 .irom0.text    0x40209000      0x991 /home/jarda/esp-open-sdk/sdk/lib/libmain.a(app_main.o)
                                0xb55 (size before relaxing)
                0x402091e0                wdt_init
                0x4020926c                user_uart_wait_tx_fifo_empty
                0x40209518                user_rf_pre_init
 *fill*         0x40209991        0x3 
 .irom0.text    0x40209994      0x186 /home/jarda/esp-open-sdk/sdk/lib/libmain.a(ets_timer.o)
                                0x1b2 (size before relaxing)
                0x4020999c                ets_timer_done
                0x402099e8                ets_timer_handler_isr
                0x40209ab8                ets_timer_init
 *fill*         0x40209b1a        0x2 
 .irom0.text    0x40209b1c       0xb8 /home/jarda/esp-open-sdk/sdk/lib/libmain.a(mem_manager.o)
                                 0xc0 (size before relaxing)
                0x40209b84                xPortGetFreeHeapSize
                0x40209b8c                vPortInitialiseBlocks
 .irom0.text    0x40209bd4     0x31dd /home/jarda/esp-open-sdk/sdk/lib/libmain.a(user_interface.o)
                               0x3b99 (size before relaxing)
                0x40209bd8                system_set_os_print
                0x40209be8                system_get_os_print
                0x40209db0                system_pp_recycle_rx_pkt
                0x40209dc4                system_adc_read
                0x40209ddc                system_get_vdd33
                0x40209e08                system_restart_local
                0x40209edc                system_restart
                0x40209f38                system_restore
                0x40209fa0                system_get_flash_size_map
                0x40209fc0                system_get_boot_version
                0x40209ff8                system_get_test_result
                0x4020a020                system_get_userbin_addr
                0x4020a0b8                system_get_boot_mode
                0x4020a0e8                system_restart_enhance
                0x4020a218                system_upgrade_userbin_set
                0x4020a264                system_upgrade_userbin_check
                0x4020a2a4                system_upgrade_flag_set
                0x4020a2b8                system_upgrade_flag_check
                0x4020a2e0                system_upgrade_reboot
                0x4020a414                system_deep_sleep_instant
                0x4020a5ac                system_deep_sleep
                0x4020a60c                system_deep_sleep_set_option
                0x4020a628                system_phy_temperature_alert
                0x4020a63c                system_phy_set_max_tpw
                0x4020a650                system_phy_set_tpw_via_vdd33
                0x4020a664                system_phy_set_rfoption
                0x4020a678                system_phy_set_powerup_option
                0x4020a690                system_update_cpu_freq
                0x4020a6ec                system_get_cpu_freq
                0x4020a704                system_overclock
                0x4020a730                system_restoreclock
                0x4020a760                system_timer_reinit
                0x4020a778                system_relative_time
                0x4020a79c                system_station_got_ip_set
                0x4020a8c8                system_print_meminfo
                0x4020a928                system_get_free_heap_size
                0x4020a940                system_get_chip_id
                0x4020a964                system_rtc_clock_cali_proc
                0x4020a978                system_get_rtc_time
                0x4020a98c                system_mktime
                0x4020aa5c                system_init_done_cb
                0x4020aa64                system_get_rst_info
                0x4020aa6c                system_get_data_of_array_8
                0x4020aa90                system_get_data_of_array_16
                0x4020aab8                system_get_string_from_flash
                0x4020ab24                wifi_softap_dhcps_start
                0x4020ab6c                wifi_softap_dhcps_stop
                0x4020abac                wifi_softap_dhcps_status
                0x4020abb4                wifi_station_dhcpc_start
                0x4020ac0c                wifi_station_dhcpc_stop
                0x4020ac4c                wifi_station_dhcpc_event
                0x4020acc0                wifi_station_dhcpc_set_maxtry
                0x4020acd0                wifi_station_dhcpc_status
                0x4020ad48                wifi_get_opmode
                0x4020ad5c                wifi_get_opmode_default
                0x4020add8                wifi_get_broadcast_if
                0x4020ae14                wifi_set_broadcast_if
                0x4020af24                wifi_set_opmode
                0x4020af38                wifi_set_opmode_current
                0x4020af4c                system_get_checksum
                0x4020af8c                wifi_param_save_protect_with_check
                0x4020b020                system_param_save_with_protect
                0x4020b0c8                system_save_sys_param
                0x4020b0f4                system_param_load
                0x4020b22c                wifi_station_get_config
                0x4020b240                wifi_station_get_config_default
                0x4020b260                wifi_station_get_ap_info
                0x4020b318                wifi_station_ap_number_set
                0x4020b5e0                wifi_station_set_config
                0x4020b5f8                wifi_station_set_config_current
                0x4020b610                wifi_station_get_current_ap_id
                0x4020b624                wifi_station_ap_check
                0x4020b664                wifi_station_ap_change
                0x4020b790                wifi_station_scan
                0x4020b7dc                wifi_station_get_auto_connect
                0x4020b7f0                wifi_station_set_auto_connect
                0x4020b840                wifi_station_save_pmk2cache
                0x4020b8f4                wifi_station_connect
                0x4020b988                wifi_station_disconnect
                0x4020ba48                wifi_station_get_connect_status
                0x4020ba78                wifi_station_set_reconnect_policy
                0x4020ba90                wifi_station_get_reconnect_policy
                0x4020ba98                wifi_station_get_rssi
                0x4020bae8                wifi_station_set_default_hostname
                0x4020bb50                wifi_station_get_hostname
                0x4020bb80                wifi_station_set_hostname
                0x4020bc20                wifi_softap_cacl_mac
                0x4020bc90                wifi_softap_set_default_ssid
                0x4020be70                wifi_softap_get_config
                0x4020be84                wifi_softap_get_config_default
                0x4020c0ec                wifi_softap_set_config
                0x4020c100                wifi_softap_set_config_current
                0x4020c114                wifi_softap_set_station_info
                0x4020c180                wifi_softap_get_station_info
                0x4020c230                wifi_softap_free_station_info
                0x4020c278                wifi_softap_get_station_num
                0x4020c2cc                wifi_softap_deauth
                0x4020c37c                wifi_softap_get_beacon_only_mode
                0x4020c390                wifi_softap_set_beacon_only_mode
                0x4020c3f4                wifi_register_user_ie_manufacturer_recv_cb
                0x4020c408                wifi_unregister_user_ie_manufacturer_recv_cb
                0x4020c43c                wifi_set_user_ie
                0x4020c54c                wifi_get_user_ie
                0x4020c580                wifi_get_phy_mode
                0x4020c588                wifi_set_phy_mode
                0x4020c650                wifi_set_sleep_type
                0x4020c66c                wifi_get_sleep_type
                0x4020c684                wifi_get_channel
                0x4020c69c                wifi_set_channel
                0x4020c6e0                wifi_promiscuous_set_mac
                0x4020c740                wifi_promiscuous_enable
                0x4020c824                wifi_set_promiscuous_rx_cb
                0x4020c834                wifi_get_ip_info
                0x4020c8b4                wifi_set_ip_info
                0x4020c928                wifi_get_macaddr
                0x4020c988                wifi_set_macaddr
                0x4020caa8                wifi_enable_6m_rate
                0x4020cab0                wifi_get_user_fixed_rate
                0x4020cad0                wifi_set_user_fixed_rate
                0x4020caf0                wifi_set_user_sup_rate
                0x4020cb0c                wifi_get_user_limit_rate_mask
                0x4020cb14                wifi_set_user_limit_rate_mask
                0x4020cb2c                wifi_register_send_pkt_freedom_cb
                0x4020cb40                wifi_unregister_send_pkt_freedom_cb
                0x4020cb4c                wifi_send_pkt_freedom
                0x4020cb98                wifi_rfid_locp_recv_open
                0x4020cbac                wifi_rfid_locp_recv_close
                0x4020cbc0                wifi_register_rfid_locp_recv_cb
                0x4020cbd4                wifi_unregister_rfid_locp_recv_cb
                0x4020cbe8                wifi_status_led_install
                0x4020cc1c                wifi_status_led_uninstall
                0x4020cc40                wifi_set_status_led_output_level
                0x4020cc98                wifi_set_event_handler_cb
                0x4020ccd8                system_os_task
                0x4020cd18                system_uart_swap
                0x4020cd78                system_uart_de_swap
                0x4020cdac                system_get_sdk_version
 *fill*         0x4020cdb1        0x3 
 .irom0.text    0x4020cdb4      0x610 /home/jarda/esp-open-sdk/sdk/lib/libmain.a(eagle_lib.o)
                                0x620 (size before relaxing)
                0x4020cdb8                divide
                0x4020cdf4                skip_atoi
                0x4020cf74                ets_vsnprintf
                0x4020d2d4                ets_vsprintf
                0x4020d2f8                ets_sprintf
                0x4020d320                ets_strcat
                0x4020d340                ets_strrchr
                0x4020d36c                ets_strchr
                0x4020d384                bit_popcount
                0x4020d3a0                ets_snprintf
 .irom0.text    0x4020d3c4      0x2f6 /home/jarda/esp-open-sdk/sdk/lib/libmain.a(eagle_lwip_if.o)
                                0x3b2 (size before relaxing)
                0x4020d47c                eagle_lwip_if_alloc
                0x4020d62c                eagle_lwip_if_free
                0x4020d698                eagle_lwip_getif
 *fill*         0x4020d6ba        0x2 
 .irom0.literal
                0x4020d6bc        0x0 /home/jarda/Sming/Sming/compiler/lib//libmicroc.a(strchr.o)
                                  0x4 (size before relaxing)
 .irom0.literal
                0x4020d6bc        0x0 /home/jarda/Sming/Sming/compiler/lib//libmicroc.a(strrchr.o)
                                  0x4 (size before relaxing)
 .irom0.literal
                0x4020d6bc        0xc /home/jarda/Sming/Sming/compiler/lib//libmicroc.a(strchrnul.o)
 .irom0.literal
                0x4020d6c8        0x4 /home/jarda/Sming/Sming/compiler/lib//libmicroc.a(malloc.o)
                                 0x14 (size before relaxing)
 .irom0.literal
                0x4020d6cc        0x4 /home/jarda/Sming/Sming/compiler/lib//libmicroc.a(abort.o)
                                  0x8 (size before relaxing)
 .irom0.literal
                0x4020d6d0        0x0 /home/jarda/Sming/Sming/compiler/lib//libmicroc.a(memchr.o)
                                  0x8 (size before relaxing)
 .irom0.literal
                0x4020d6d0        0x8 /home/jarda/Sming/Sming/compiler/lib//libmicrogcc.a(_divsf3.o)
                                 0x10 (size before relaxing)
 .irom0.text    0x4020d6d8       0x25 /home/jarda/Sming/Sming/compiler/lib//libmicroc.a(strchr.o)
                                 0x29 (size before relaxing)
                0x4020d6d8                strchr
 *fill*         0x4020d6fd        0x3 
 .irom0.text    0x4020d700        0xf /home/jarda/Sming/Sming/compiler/lib//libmicroc.a(strrchr.o)
                                 0x13 (size before relaxing)
                0x4020d700                strrchr
 *fill*         0x4020d70f        0x1 
 .irom0.text    0x4020d710       0x75 /home/jarda/Sming/Sming/compiler/lib//libmicroc.a(strchrnul.o)
                0x4020d710                __strchrnul
                0x4020d710                strchrnul
 *fill*         0x4020d785        0x3 
 .irom0.text    0x4020d788       0x65 /home/jarda/Sming/Sming/compiler/lib//libmicroc.a(malloc.o)
                0x4020d788                malloc
                0x4020d79c                free
                0x4020d7b0                realloc
                0x4020d7c4                zalloc
                0x4020d7d8                calloc
 *fill*         0x4020d7ed        0x3 
 .irom0.text    0x4020d7f0       0x11 /home/jarda/Sming/Sming/compiler/lib//libmicroc.a(abort.o)
                0x4020d7f0                abort
 *fill*         0x4020d801        0x3 
 .irom0.text    0x4020d804       0xfa /home/jarda/esp-open-sdk/sdk/lib/libphy.a(phy.o)
                                0x11e (size before relaxing)
                0x4020d808                rf_init
                0x4020d824                bb_init
                0x4020d83c                phy_init
                0x4020d86c                RFChannelSel
                0x4020d888                phy_delete_channel
                0x4020d8a0                phy_enable_agc
                0x4020d8b8                phy_disable_agc
                0x4020d8d0                phy_initialize_bb
                0x4020d8e8                phy_set_sense
 *fill*         0x4020d8fe        0x2 
 .irom0.text    0x4020d900     0x16f7 /home/jarda/esp-open-sdk/sdk/lib/libphy.a(phy_chip_v6_ana.o)
                               0x18e3 (size before relaxing)
                0x4020d904                ram_pbus_set_rxgain
                0x4020d9dc                ram_pbus_debugmode
                0x4020da90                ram_pbus_xpd_tx_on
                0x4020dafc                set_rf_freq_offset
                0x4020db70                chip_v6_rxmax_ext_ana
                0x4020dcc4                ram_chip_v6_rx_init
                0x4020dcf8                tsen_meas
                0x4020dda8                readvdd33
                0x4020df74                txpwr_offset
                0x4020e030                set_txcap_reg
                0x4020e0b0                ram_ana_inf_gating_en
                0x4020e210                ram_restart_cal
                0x4020e27c                wait_rfpll_cal_end
                0x4020e310                ram_rfpll_set_freq
                0x4020e41c                ram_set_channel_freq
                0x4020e71c                chip_60_set_channel
                0x4020e8ac                chip_v6_set_chan_offset
                0x4020e8e8                chip_v6_set_chan
                0x4020e97c                chip_v6_set_chan_wakeup
                0x4020ea00                chip_v6_rf_init
                0x4020ec24                low_power_set
                0x4020ec78                test_tout
                0x4020edf0                check_data_flag
                0x4020ee10                phy_get_check_flag
                0x4020ef44                phy_get_vdd33
 *fill*         0x4020eff7        0x1 
 .irom0.text    0x4020eff8     0x3c2f /home/jarda/esp-open-sdk/sdk/lib/libphy.a(phy_chip_v6.o)
                               0x4293 (size before relaxing)
                0x4020eff8                ram_tx_mac_enable
                0x4020effc                ram_tx_mac_disable
                0x4020f000                rtc_mem_backup
                0x4020f030                rtc_mem_recovery
                0x4020f060                set_cal_rxdc
                0x4020f114                set_rx_gain_cal_iq
                0x4020f470                gen_rx_gain_table
                0x4020f5c8                pbus_set_rxbbgain
                0x4020f648                set_rx_gain_testchip_50
                0x4020f97c                ram_get_corr_power
                0x4020fa6c                check_data_func
                0x4020fa8c                do_noisefloor_lsleep_v50
                0x4020fac0                do_noisefloor
                0x4020fb30                start_dig_rx
                0x4020fb74                stop_dig_rx
                0x4020fba0                chip_v6_set_chanfreq
                0x4020fbcc                tx_cap_init
                0x4020fd80                target_power_add_backoff
                0x4020fdd0                tx_pwctrl_init_cal
                0x4020ff38                tx_atten_set_interp
                0x402101a8                tx_pwctrl_init
                0x4021029c                ram_get_noisefloor
                0x402102b8                get_noisefloor_sat
                0x402102e8                ram_set_noise_floor
                0x40210344                ram_start_noisefloor
                0x40210390                read_hw_noisefloor
                0x402103bc                noise_check_loop
                0x40210518                noise_init
                0x40210718                target_power_backoff
                0x4021076c                sdt_on_noise_start
                0x402107ec                chip_v6_set_chan_rx_cmp
                0x40210978                chip_v6_set_chan_misc
                0x40210a0c                phy_dig_spur_set
                0x40210d64                phy_dig_spur_prot
                0x40210f9c                chip_v6_rxmax_ext_dig
                0x40210fe8                chip_v6_rxmax_ext
                0x4021109c                phy_bb_rx_cfg
                0x402114a4                uart_wait_idle
                0x402114dc                phy_pbus_soc_cfg
                0x4021159c                phy_gpio_cfg
                0x402118e4                tx_cont_en
                0x40211988                tx_cont_dis
                0x402119dc                tx_cont_cfg
                0x402119fc                chip_v6_initialize_bb
                0x40211b64                periodic_cal
                0x40211c44                bbpll_cal
                0x40211cdc                periodic_cal_top
                0x40211d3c                register_chipv6_phy_init_param
                0x40211fe0                change_bbpll160_sleep
                0x4021210c                change_bbpll160
                0x40212144                set_crystal_uart
                0x402121dc                ant_switch_init
                0x40212288                reduce_current_init
                0x402122f0                rtc_mem_check
                0x4021232c                phy_afterwake_set_rfoption
                0x4021234c                deep_sleep_set_option
                0x40212378                write_data_to_rtc
                0x402123b0                get_data_from_rtc
                0x40212438                register_chipv6_phy
                0x40212848                set_dpd_bypass
                0x40212870                set_rf_gain_stage10
                0x402128a0                get_vdd33_offset
                0x40212914                get_phy_target_power
                0x402129c8                set_most_pwr_reg
                0x40212a9c                phy_set_most_tpw
                0x40212abc                phy_vdd33_set_tpw
                0x40212ad4                get_adc_rand
                0x40212b08                phy_get_rand
                0x40212b20                phy_tx_pwctrl_cali
                0x40212b48                phy_check_data_table
                0x40212b84                phy_after_init_enrx
                0x40212be8                phy_set_rx11b_reg
                0x40212c1c                phy_set_powerup_option
 *fill*         0x40212c27        0x1 
 .irom0.text    0x40212c28     0x21ac /home/jarda/esp-open-sdk/sdk/lib/libphy.a(phy_chip_v6_cal.o)
                               0x23ec (size before relaxing)
                0x40212c28                txbbgain2dcoindex
                0x40212c48                dcoindex2txbbgain
                0x40212c6c                init_cal_dcoffset
                0x40212d30                set_rfanagain_dc_reg
                0x40212dcc                set_txdc_pbus
                0x40212e38                get_rf_gain_qdb
                0x40212e60                correct_rf_ana_gain
                0x40212f68                get_sar_dout
                0x40213000                cal_rf_ana_gain
                0x402130d8                meas_tone_pwr_db
                0x40213148                tx_pwr_backoff
                0x40213294                get_fcc_1m2m_pwr_offset
                0x402132d0                ram_set_txbb_atten
                0x40213364                txiq_get_mis_pwr
                0x40213408                txiq_cover
                0x40213624                ram_rfcal_txiq
                0x40213894                rc_cal
                0x40213a54                get_target_power_offset
                0x40213b5c                get_pwctrl_correct
                0x40213bb8                tx_pwctrl_cal
                0x40213f48                tx_pwctrl_bg_init
                0x40213fc0                tx_pwctrl_background
                0x40214098                read_sar_dout
                0x402140fc                ram_get_fm_sar_dout
                0x402141a0                ram_cal_tos_v60
                0x40214380                ram_get_bb_atten
                0x402143b0                ram_rfcal_txcap
                0x40214574                ram_rfcal_pwrctrl
                0x40214790                ram_rxiq_get_mis
                0x40214960                ram_rxiq_cover_mg_mp
                0x40214b04                ram_rfcal_rxiq
                0x40214d10                dpd_scale_set
                0x40214d58                dpd_mem_write
 .irom0.text    0x40214dd4      0xd82 /home/jarda/esp-open-sdk/sdk/lib/libphy.a(phy_sleep.o)
                                0xfaa (size before relaxing)
                0x40214dd4                pm_usec2rtc
                0x40214e08                pm_rtc2usec
                0x40214e18                pm_set_sleep_cycles
                0x40214e40                pm_sleep_opt
                0x40214f58                pm_wakeup_opt
                0x40214f90                get_chip_version
                0x40214fd0                pm_sleep_opt_bb_off
                0x40215010                pm_sleep_opt_bb_on
                0x4021505c                pm_set_pll_xtal_wait_time
                0x402150a4                pm_prepare_to_sleep
                0x402150c8                pm_sdio_nidle
                0x4021513c                chg_lslp_mem_opt_8266
                0x4021516c                pm_goto_sleep
                0x402152b8                pm_wait4wakeup
                0x402152f4                pm_open_rf
                0x40215338                pm_sleep_set_mac
                0x402153bc                pm_set_wakeup_mac
                0x40215458                pm_check_mac_idle
                0x402154b0                pm_set_sleep_btco
                0x40215550                pm_set_wakeup_btco
                0x40215668                pm_set_sleep_mode
                0x40215784                pm_unmask_bt
                0x402157ec                pm_wakeup_init
                0x402159fc                sleep_opt_8266
                0x40215a1c                sleep_opt_bb_on_8266
                0x40215a54                sleep_reset_analog_rtcreg_8266
 *fill*         0x40215b56        0x2 
 .irom0.text    0x40215b58      0x449 /home/jarda/esp-open-sdk/sdk/lib/libpp.a(if_hwctrl.o)
                                0x551 (size before relaxing)
                0x40215b78                ic_get_addr
                0x40215b84                ic_set_opmode
                0x40215b98                ic_enable_interface
                0x40215be8                ic_interface_enabled
                0x40215bfc                ic_disable_interface
                0x40215c44                ic_is_pure_sta
                0x40215c60                ic_get_ptk_alg
                0x40215c70                ic_get_gtk_alg
                0x40215c80                ic_set_ptk_alg
                0x40215c90                ic_set_gtk_alg
                0x40215ca0                ic_interface_is_p2p
                0x40215d38                ic_set_vif
                0x40215df0                ic_set_sta
                0x40215eb0                ic_bss_info_update
                0x40215f0c                ic_set_key
                0x40215f68                ic_remove_key
                0x40215f7c                ic_get_rssi
 *fill*         0x40215fa1        0x3 
 .irom0.text    0x40215fa4      0x100 /home/jarda/esp-open-sdk/sdk/lib/libpp.a(lmac.o)
                                0x118 (size before relaxing)
                0x40215fa8                lmacInitAc
                0x40215fdc                lmacInit
                0x40216088                lmacSetRetryLimit
 .irom0.text    0x402160a4     0x1865 /home/jarda/esp-open-sdk/sdk/lib/libpp.a(pm.o)
                               0x1d59 (size before relaxing)
                0x402160ac                pm_rtc_clock_cali_proc
                0x402160e4                pm_get_ck170_period
                0x40216108                pm_set_sleep_time
                0x4021646c                pm_rf_is_closed
                0x4021649c                pm_set_sleep_type_from_upper
                0x4021658c                pm_get_sleep_type
                0x40216710                uart_tx_flush
                0x40216714                pm_suspend
                0x40216934                pm_shutdown
                0x40216a10                pm_reset_idle_sleep
                0x40216a50                pm_idle_sleep
                0x40216a5c                pm_open
                0x40216b24                pm_onBcnRx
                0x40216e8c                StopLightSleepSetFunc
                0x40216e94                LightSleepWakedCbSetFunc
                0x40217390                pm_enable_gpio_wakeup
                0x402173c8                pm_attach
                0x402174b8                pm_send_nullfunc
                0x40217640                pm_is_waked
                0x40217658                pm_is_open
                0x40217670                pm_scan_lock
                0x40217698                pm_try_scan_unlock
                0x402176b0                pm_force_scan_unlock
                0x4021772c                pm_scan_unlocked
                0x40217740                pm_allow_tx
                0x4021775c                pm_assoc_parse
                0x40217774                pm_set_addr
                0x40217794                pm_sleep_for
                0x402177c4                pm_post
                0x402178c8                pm_get_idle_wait_time
 *fill*         0x40217909        0x3 
 .irom0.text    0x4021790c      0xa71 /home/jarda/esp-open-sdk/sdk/lib/libpp.a(pm_for_bcn_only_mode.o)
                                0xdf5 (size before relaxing)
                0x40217920                wifi_fpm_set_sleep_type
                0x40217920                fpm_set_type_from_upper
                0x402179dc                wifi_fpm_get_sleep_type
                0x402179dc                fpm_get_slp_type
                0x402179e4                fpm_rf_is_closed
                0x402179f8                fpm_is_open
                0x40217a04                fpm_allow_tx
                0x40217a28                wifi_fpm_close
                0x40217a28                fpm_close
                0x40217aa4                wifi_fpm_open
                0x40217aa4                fpm_open
                0x40217b0c                fpm_attach
                0x40217e40                wifi_fpm_do_wakeup
                0x40217e40                fpm_do_wakeup
                0x40218304                fpm_do_sleep
                0x40218304                wifi_fpm_do_sleep
 *fill*         0x4021837d        0x3 
 .irom0.text    0x40218380     0x1486 /home/jarda/esp-open-sdk/sdk/lib/libpp.a(pp.o)
                               0x182e (size before relaxing)
                0x4021838c                PPWdtReset
                0x402183c0                pp_soft_wdt_init
                0x402183e0                system_soft_wdt_feed
                0x402183e0                pp_soft_wdt_feed
                0x402183fc                pp_soft_wdt_stop
                0x402183fc                system_soft_wdt_stop
                0x40218428                pp_soft_wdt_restart
                0x40218428                system_soft_wdt_restart
                0x40218460                RxNodeNum
                0x40218478                TxNodeNum
                0x4021849c                pp_disable_noise_timer
                0x402184bc                pp_enable_noise_timer
                0x402185cc                pp_noise_test
                0x402185dc                reset_noise_timer
                0x40218614                pp_disable_idle_timer
                0x40218638                pp_enable_idle_timer
                0x40218660                pp_try_enable_idle_timer
                0x4021869c                ppPeocessRxPktHdr
                0x402189e4                ppTxPkt
                0x40218af8                ppProcessWaitQ
                0x40218b08                ppRegisterTxCallback
                0x40218b30                ppUnregisterTxCallback
                0x40218b64                ppRecycleRxPkt
                0x40218bc4                ppCheckTxIdle
                0x40218e3c                pp_tx_idle_timeout
                0x40218ff8                DefFreqCalTimerCB
                0x40219344                ppGetTxQFirstAvail_Locked
                0x40219424                pp_attach
 *fill*         0x40219806        0x2 
 .irom0.text    0x40219808      0x296 /home/jarda/esp-open-sdk/sdk/lib/libpp.a(rate_control.o)
                                0x2a2 (size before relaxing)
                0x40219a54                RC_SetBasicRate
 *fill*         0x40219a9e        0x2 
 .irom0.text    0x40219aa0      0x5d9 /home/jarda/esp-open-sdk/sdk/lib/libpp.a(trc.o)
                                0x63d (size before relaxing)
                0x40219aa0                phytype2mode
                0x40219abc                rc_set_rate_limit_id
                0x40219bd8                rcUpdatePhyMode
                0x40219da4                rcAttach
                0x40219df0                rcGetTrc
                0x40219df8                trc_onDisconnect
                0x40219dfc                trc_onScanStart
                0x40219e10                trc_onScanDone
                0x40219e2c                rc_enable_trc
                0x40219ef4                rc_get_mask
                0x40219f08                rc_disable_trc
                0x40219f5c                rc_disable_trc_by_interface
                0x40219f78                rc_get_sta_trc
                0x40219fbc                rc_get_trc
                0x4021a02c                rc_get_trc_by_index
                0x4021a04c                rc_only_sta_trc
 *fill*         0x4021a079        0x3 
 .irom0.text    0x4021a07c      0xaf7 /home/jarda/esp-open-sdk/sdk/lib/libpp.a(wdev.o)
                                0xc4f (size before relaxing)
                0x4021a088                wDev_Option_Init
                0x4021a17c                wDev_Enable_Beacon_Tsf
                0x4021a198                wDev_Disable_Beacon_Tsf
                0x4021a1b4                wDev_Set_Beacon_Int
                0x4021a1bc                wDev_Reset_TBTT
                0x4021a1ec                wDev_Get_Next_TBTT
                0x4021a468                wDev_Initialize
                0x4021a4d8                wDevForceAck6M
                0x4021a4f4                wDev_SetMacAddress
                0x4021a590                wDev_SetRxPolicy
                0x4021a5e4                wDev_SetBssid
                0x4021a6bc                wDev_ClearBssid
                0x4021a6f4                wDev_Insert_KeyEntry
                0x4021a7e8                wDev_remove_KeyEntry
                0x4021a824                wDev_remove_KeyEntry_all_cnx
                0x4021a874                wDev_Crypto_Conf
                0x4021a910                wDev_Crypto_Disable
                0x4021a948                wDevEnableRx
                0x4021a970                wdev_go_sniffer
                0x4021aa4c                wdev_set_sniffer_addr
                0x4021aaa4                wdev_exit_sniffer
 *fill*         0x4021ab73        0x1 
 .irom0.text    0x4021ab74      0x3f3 /home/jarda/esp-open-sdk/sdk/lib/libpp.a(esf_buf.o)
                                0x4d3 (size before relaxing)
                0x4021ab7c                esf_buf_alloc
                0x4021ad34                esf_buf_recycle
                0x4021ae60                esf_buf_setup
 *fill*         0x4021af67        0x1 
 .irom0.text    0x4021af68      0x47d /home/jarda/esp-open-sdk/sdk/lib/libnet80211.a(ieee80211.o)
                                0x54d (size before relaxing)
                0x4021afec                ieee80211_rate_ref_init
                0x4021b008                ieee80211_freedom_inside_cb
                0x4021b038                ieee80211_freedom_init
                0x4021b05c                ieee80211_user_ie_init
                0x4021b078                ieee80211_ifattach
                0x4021b0dc                ieee80211_mhz2ieee
                0x4021b138                ieee80211_chan2ieee
                0x4021b154                ieee80211_ieee2mhz
                0x4021b194                ieee80211_find_channel
                0x4021b1c0                ieee80211_find_channel_byieee
                0x4021b210                wifi_mode_set
 *fill*         0x4021b3e5        0x3 
 .irom0.text    0x4021b3e8       0xcf /home/jarda/esp-open-sdk/sdk/lib/libnet80211.a(ieee80211_crypto.o)
                                 0xd7 (size before relaxing)
                0x4021b3e8                ieee80211_crypto_attach
                0x4021b3ec                ieee80211_crypto_available
                0x4021b3f0                ieee80211_crypto_setkey
                0x4021b3f4                ieee80211_crypto_encap
                0x4021b44c                ieee80211_crypto_decap
 *fill*         0x4021b4b7        0x1 
 .irom0.text    0x4021b4b8       0x4c /home/jarda/esp-open-sdk/sdk/lib/libnet80211.a(ieee80211_ets.o)
                                 0x50 (size before relaxing)
                0x4021b4bc                ieee80211_getmgtframe
 .irom0.text    0x4021b504     0x192e /home/jarda/esp-open-sdk/sdk/lib/libnet80211.a(ieee80211_hostap.o)
                               0x1e66 (size before relaxing)
                0x4021bae0                ieee80211_hostap_attach
                0x4021bbdc                hostap_handle_timer
                0x4021bc74                hostap_input
                0x4021cb3c                wifi_softap_start
                0x4021cca0                wifi_softap_stop
 *fill*         0x4021ce32        0x2 
 .irom0.text    0x4021ce34      0xa76 /home/jarda/esp-open-sdk/sdk/lib/libnet80211.a(ieee80211_ht.o)
                                0xb42 (size before relaxing)
                0x4021ce44                ieee80211_ht_attach
                0x4021ce94                ieee80211_ht_node_init
                0x4021ced4                ieee80211_ht_node_cleanup
                0x4021cf0c                ieee80211_parse_htcap
                0x4021cff0                ieee80211_ht_updateparams
                0x4021d104                ieee80211_setup_htrates
                0x4021d1d0                ieee80211_setup_basic_htrates
                0x4021d514                ieee80211_add_htcap
                0x4021d530                ieee80211_add_htcap_vendor
                0x4021d654                ieee80211_add_htinfo
                0x4021d670                ieee80211_add_htinfo_vendor
 *fill*         0x4021d8aa        0x2 
 .irom0.text    0x4021d8ac      0xa8c /home/jarda/esp-open-sdk/sdk/lib/libnet80211.a(ieee80211_input.o)
                                0xb1c (size before relaxing)
                0x4021d8ac                ieee80211_deliver_data
                0x4021d900                ieee80211_decap
                0x4021da04                ieee80211_setup_rates
                0x4021da74                ieee80211_alloc_challenge
                0x4021dab0                ieee80211_parse_beacon
                0x4021e084                ieee80211_parse_wpa
                0x4021e198                ieee80211_parse_rsn
                0x4021e298                ieee80211_parse_action
                0x4021e334                ieee80211_setup_rateset
 .irom0.text    0x4021e338      0x2a6 /home/jarda/esp-open-sdk/sdk/lib/libnet80211.a(ieee80211_mesh_quick.o)
                                0x302 (size before relaxing)
                0x4021e344                ieee80211_mesh_quick_init
                0x4021e3b4                ieee80211_mesh_quick_deinit
                0x4021e3e4                ieee80211_mesh_quick_set
                0x4021e4e0                ieee80211_mesh_quick_get
                0x4021e5ac                ieee80211_mesh_quick_ie_add
 *fill*         0x4021e5de        0x2 
 .irom0.text    0x4021e5e0     0x1c2a /home/jarda/esp-open-sdk/sdk/lib/libnet80211.a(ieee80211_output.o)
                               0x1fc6 (size before relaxing)
                0x4021e5e4                ieee80211_output_pbuf
                0x4021e83c                ieee80211_send_setup
                0x4021e970                ieee80211_mgmt_output
                0x4021ea54                ieee80211_tx_mgt_cb
                0x4021ea58                ieee80211_send_nulldata
                0x4021eeb4                ieee80211_add_rates
                0x4021ef04                ieee80211_add_xrates
                0x4021efd4                ieee80211_send_probereq
                0x4021f1e8                ieee80211_getcapinfo
                0x4021f240                ieee80211_send_mgmt
                0x4021f7fc                ieee80211_alloc_proberesp
                0x4021f9d4                ieee80211_send_proberesp
                0x4021fb1c                ieee80211_alloc_deauth
                0x4021fb5c                ieee80211_send_deauth
                0x4021fc98                ieee80211_freedom_output
                0x40220074                ieee80211_beacon_alloc
 *fill*         0x4022020a        0x2 
 .irom0.text    0x4022020c       0xc8 /home/jarda/esp-open-sdk/sdk/lib/libnet80211.a(ieee80211_phy.o)
                                 0xe8 (size before relaxing)
                0x4022020c                ieee80211_phy_init
                0x40220240                ieee80211_phy_type_get
                0x4022025c                ieee80211_setup_ratetable
 .irom0.text    0x402202d4      0x1b6 /home/jarda/esp-open-sdk/sdk/lib/libnet80211.a(ieee80211_power.o)
                                0x1f2 (size before relaxing)
                0x402202d4                ieee80211_psq_init
                0x402202f4                ieee80211_psq_cleanup
                0x402202fc                ieee80211_set_tim
                0x4022033c                ieee80211_pwrsave
                0x402203a4                pwrsave_flushq
                0x40220454                ieee80211_node_pwrsave
 *fill*         0x4022048a        0x2 
 .irom0.text    0x4022048c      0x101 /home/jarda/esp-open-sdk/sdk/lib/libnet80211.a(ieee80211_proto.o)
                                0x129 (size before relaxing)
                0x40220490                ieee80211_proto_attach
                0x402204b8                ieee80211_set_shortslottime
                0x402204d4                ieee80211_iserp_rateset
                0x40220508                ieee80211_wme_initparams
                0x4022050c                ieee80211_wme_updateparams
                0x40220514                ieee80211_mlme_connect_bss
 *fill*         0x4022058d        0x3 
 .irom0.text    0x40220590       0xaa /home/jarda/esp-open-sdk/sdk/lib/libnet80211.a(ieee80211_rfid.o)
                                 0xd6 (size before relaxing)
                0x40220590                ieee80211_rfid_locp_recv_open
                0x402205c8                ieee80211_rfid_locp_recv_close
                0x402205e0                ieee80211_rfid_locp_recv_reset
                0x40220600                ieee80211_rfid_locp_recv
                0x4022061c                register_ieee80211_rfid_locp_recv_cb
                0x40220630                unregister_ieee80211_rfid_locp_recv_cb
 *fill*         0x4022063a        0x2 
 .irom0.text    0x4022063c      0xf0d /home/jarda/esp-open-sdk/sdk/lib/libnet80211.a(ieee80211_scan.o)
                               0x1235 (size before relaxing)
                0x40220648                ieee80211_scan_attach
                0x402206dc                scan_start
                0x40220890                scan_pm_channel_op_cb
                0x40220a30                scan_cancel
                0x40220b90                scan_add_bssid
                0x40220bb4                scan_remove_bssid
                0x40220bc0                scan_hidden_ssid
                0x40220bc8                scan_add_probe_ssid
                0x40220c1c                scan_remove_probe_ssid
                0x40220d58                scan_clear_channles
                0x40220dcc                scan_set_desChan
                0x40220dd8                scan_get_type
                0x40220de0                cannel_scan_connect_state
                0x40220df8                scan_connect_state
                0x40220e40                scan_check_hidden
                0x40220e6c                scan_profile_check
                0x40221204                scan_parse_beacon
 *fill*         0x40221549        0x3 
 .irom0.text    0x4022154c      0xf56 /home/jarda/esp-open-sdk/sdk/lib/libnet80211.a(ieee80211_sta.o)
                               0x11c5 (size before relaxing)
                0x402215a8                sta_status_set
                0x40221614                ieee80211_sta_new_state
                0x40221988                sta_input
                0x40221de8                ieee80211_parse_wmeparams
                0x402223f8                wifi_station_start
                0x40222468                wifi_station_stop
 *fill*         0x402224a2        0x2 
 .irom0.text    0x402224a4      0x29e /home/jarda/esp-open-sdk/sdk/lib/libnet80211.a(wl_chm.o)
                                0x31e (size before relaxing)
                0x402224b0                chm_init
                0x40222514                chm_acquire_lock
                0x40222558                chm_release_lock
                0x4022256c                chm_start_op
                0x40222610                chm_end_op
                0x40222658                chm_cancel_op
                0x4022268c                chm_return_home_channel
                0x402226bc                chm_set_current_channel
                0x402226ec                chm_freq2index
                0x40222714                chm_check_same_channel
 *fill*         0x40222742        0x2 
 .irom0.text    0x40222744     0x1715 /home/jarda/esp-open-sdk/sdk/lib/libnet80211.a(wl_cnx.o)
                               0x1c69 (size before relaxing)
                0x40222750                cnx_attach
                0x40222790                cnx_sta_connect_led_timer_cb
                0x402227e0                cnx_sta_connect_cmd
                0x4022289c                cnx_sta_scan_cmd
                0x40222af8                cnx_connect_timeout
                0x40222b74                cnx_auth_timeout
                0x40222b98                cnx_assoc_timeout